18:10:01 **** Build of configuration Debug for project STM32F072RB-Nucleo_MB1303_Provider_PD30 ****
make all 
arm-none-eabi-gcc "C:/Users/Andrew/Documents/Repo/STUSB1602/Utilities/LED_SERVER/led_server.c" -mcpu=cortex-m0 -std=gnu11 -g3 -DSTM32F072xB -DUSE_HAL_DRIVER -DUSE_STM32F0XX_NUCLEO -D_RTOS -DUSBPD_LED_SERVER '-DUSBPD_PORT_COUNT=1' -D_SRC -DMB1303 -DUSE_FULL_LL_DRIVER -DUSBPD_STUSB1602 -DCONF_NORMAL -DUSBPDCORE_LIB_PD3_CONFIG_1 -D_TRACE_NA -D_ERROR_RECOVERY -c -I../../../Inc -I../../../../../../../../Drivers/CMSIS/Device/ST/STM32F0xx/Include -I../../../../../../../../Drivers/STM32F0xx_HAL_Driver/Inc -I../../../../../../../../Drivers/BSP/STM32F0xx-Nucleo -I../../../../../../../../Drivers/BSP/P-NUCLEO-USB002 -I../../../../../../../../Drivers/CMSIS/Include -I../../../../../../../../Drivers/BSP/Components/STUSB1602 -I../../../../../../../../Middlewares/Third_Party/FreeRTOS/Source/portable/GCC/ARM_CM0 -I../../../../../../../../Middlewares/Third_Party/FreeRTOS/Source/CMSIS_RTOS -I../../../../../../../../Middlewares/Third_Party/FreeRTOS/Source/include -I../../../../../../../../Middlewares/ST/STM32_USBPD_Library/Core/inc -I../../../../../../../../Middlewares/ST/STM32_USBPD_Library/Devices/STUSB1602/inc -I../../../../../../../../Utilities/LED_SERVER -Os -ffunction-sections -Wall -Wno-strict-aliasing -Wno-unused-variable -fstack-usage -MMD -MP -MF"Utilities/LED_SERVER/led_server.d" -MT"Utilities/LED_SERVER/led_server.o" --specs=nano.specs -mfloat-abi=soft -mthumb -o "Utilities/LED_SERVER/led_server.o"
arm-none-eabi-gcc "C:/Users/Andrew/Documents/Repo/STUSB1602/Middlewares/Third_Party/FreeRTOS/Source/portable/MemMang/heap_4.c" -mcpu=cortex-m0 -std=gnu11 -g3 -DSTM32F072xB -DUSE_HAL_DRIVER -DUSE_STM32F0XX_NUCLEO -D_RTOS -DUSBPD_LED_SERVER '-DUSBPD_PORT_COUNT=1' -D_SRC -DMB1303 -DUSE_FULL_LL_DRIVER -DUSBPD_STUSB1602 -DCONF_NORMAL -DUSBPDCORE_LIB_PD3_CONFIG_1 -D_TRACE_NA -D_ERROR_RECOVERY -c -I../../../Inc -I../../../../../../../../Drivers/CMSIS/Device/ST/STM32F0xx/Include -I../../../../../../../../Drivers/STM32F0xx_HAL_Driver/Inc -I../../../../../../../../Drivers/BSP/STM32F0xx-Nucleo -I../../../../../../../../Drivers/BSP/P-NUCLEO-USB002 -I../../../../../../../../Drivers/CMSIS/Include -I../../../../../../../../Drivers/BSP/Components/STUSB1602 -I../../../../../../../../Middlewares/Third_Party/FreeRTOS/Source/portable/GCC/ARM_CM0 -I../../../../../../../../Middlewares/Third_Party/FreeRTOS/Source/CMSIS_RTOS -I../../../../../../../../Middlewares/Third_Party/FreeRTOS/Source/include -I../../../../../../../../Middlewares/ST/STM32_USBPD_Library/Core/inc -I../../../../../../../../Middlewares/ST/STM32_USBPD_Library/Devices/STUSB1602/inc -I../../../../../../../../Utilities/LED_SERVER -Os -ffunction-sections -Wall -Wno-strict-aliasing -Wno-unused-variable -fstack-usage -MMD -MP -MF"Middlewares/Third_Party/FreeRTOS/portable/heap_4.d" -MT"Middlewares/Third_Party/FreeRTOS/portable/heap_4.o" --specs=nano.specs -mfloat-abi=soft -mthumb -o "Middlewares/Third_Party/FreeRTOS/portable/heap_4.o"
arm-none-eabi-gcc "C:/Users/Andrew/Documents/Repo/STUSB1602/Middlewares/Third_Party/FreeRTOS/Source/portable/GCC/ARM_CM0/port.c" -mcpu=cortex-m0 -std=gnu11 -g3 -DSTM32F072xB -DUSE_HAL_DRIVER -DUSE_STM32F0XX_NUCLEO -D_RTOS -DUSBPD_LED_SERVER '-DUSBPD_PORT_COUNT=1' -D_SRC -DMB1303 -DUSE_FULL_LL_DRIVER -DUSBPD_STUSB1602 -DCONF_NORMAL -DUSBPDCORE_LIB_PD3_CONFIG_1 -D_TRACE_NA -D_ERROR_RECOVERY -c -I../../../Inc -I../../../../../../../../Drivers/CMSIS/Device/ST/STM32F0xx/Include -I../../../../../../../../Drivers/STM32F0xx_HAL_Driver/Inc -I../../../../../../../../Drivers/BSP/STM32F0xx-Nucleo -I../../../../../../../../Drivers/BSP/P-NUCLEO-USB002 -I../../../../../../../../Drivers/CMSIS/Include -I../../../../../../../../Drivers/BSP/Components/STUSB1602 -I../../../../../../../../Middlewares/Third_Party/FreeRTOS/Source/portable/GCC/ARM_CM0 -I../../../../../../../../Middlewares/Third_Party/FreeRTOS/Source/CMSIS_RTOS -I../../../../../../../../Middlewares/Third_Party/FreeRTOS/Source/include -I../../../../../../../../Middlewares/ST/STM32_USBPD_Library/Core/inc -I../../../../../../../../Middlewares/ST/STM32_USBPD_Library/Devices/STUSB1602/inc -I../../../../../../../../Utilities/LED_SERVER -Os -ffunction-sections -Wall -Wno-strict-aliasing -Wno-unused-variable -fstack-usage -MMD -MP -MF"Middlewares/Third_Party/FreeRTOS/portable/port.d" -MT"Middlewares/Third_Party/FreeRTOS/portable/port.o" --specs=nano.specs -mfloat-abi=soft -mthumb -o "Middlewares/Third_Party/FreeRTOS/portable/port.o"
arm-none-eabi-gcc "C:/Users/Andrew/Documents/Repo/STUSB1602/Middlewares/Third_Party/FreeRTOS/Source/CMSIS_RTOS/cmsis_os.c" -mcpu=cortex-m0 -std=gnu11 -g3 -DSTM32F072xB -DUSE_HAL_DRIVER -DUSE_STM32F0XX_NUCLEO -D_RTOS -DUSBPD_LED_SERVER '-DUSBPD_PORT_COUNT=1' -D_SRC -DMB1303 -DUSE_FULL_LL_DRIVER -DUSBPD_STUSB1602 -DCONF_NORMAL -DUSBPDCORE_LIB_PD3_CONFIG_1 -D_TRACE_NA -D_ERROR_RECOVERY -c -I../../../Inc -I../../../../../../../../Drivers/CMSIS/Device/ST/STM32F0xx/Include -I../../../../../../../../Drivers/STM32F0xx_HAL_Driver/Inc -I../../../../../../../../Drivers/BSP/STM32F0xx-Nucleo -I../../../../../../../../Drivers/BSP/P-NUCLEO-USB002 -I../../../../../../../../Drivers/CMSIS/Include -I../../../../../../../../Drivers/BSP/Components/STUSB1602 -I../../../../../../../../Middlewares/Third_Party/FreeRTOS/Source/portable/GCC/ARM_CM0 -I../../../../../../../../Middlewares/Third_Party/FreeRTOS/Source/CMSIS_RTOS -I../../../../../../../../Middlewares/Third_Party/FreeRTOS/Source/include -I../../../../../../../../Middlewares/ST/STM32_USBPD_Library/Core/inc -I../../../../../../../../Middlewares/ST/STM32_USBPD_Library/Devices/STUSB1602/inc -I../../../../../../../../Utilities/LED_SERVER -Os -ffunction-sections -Wall -Wno-strict-aliasing -Wno-unused-variable -fstack-usage -MMD -MP -MF"Middlewares/Third_Party/FreeRTOS/CMSIS_RTOS/cmsis_os.d" -MT"Middlewares/Third_Party/FreeRTOS/CMSIS_RTOS/cmsis_os.o" --specs=nano.specs -mfloat-abi=soft -mthumb -o "Middlewares/Third_Party/FreeRTOS/CMSIS_RTOS/cmsis_os.o"
arm-none-eabi-gcc "C:/Users/Andrew/Documents/Repo/STUSB1602/Middlewares/Third_Party/FreeRTOS/Source/list.c" -mcpu=cortex-m0 -std=gnu11 -g3 -DSTM32F072xB -DUSE_HAL_DRIVER -DUSE_STM32F0XX_NUCLEO -D_RTOS -DUSBPD_LED_SERVER '-DUSBPD_PORT_COUNT=1' -D_SRC -DMB1303 -DUSE_FULL_LL_DRIVER -DUSBPD_STUSB1602 -DCONF_NORMAL -DUSBPDCORE_LIB_PD3_CONFIG_1 -D_TRACE_NA -D_ERROR_RECOVERY -c -I../../../Inc -I../../../../../../../../Drivers/CMSIS/Device/ST/STM32F0xx/Include -I../../../../../../../../Drivers/STM32F0xx_HAL_Driver/Inc -I../../../../../../../../Drivers/BSP/STM32F0xx-Nucleo -I../../../../../../../../Drivers/BSP/P-NUCLEO-USB002 -I../../../../../../../../Drivers/CMSIS/Include -I../../../../../../../../Drivers/BSP/Components/STUSB1602 -I../../../../../../../../Middlewares/Third_Party/FreeRTOS/Source/portable/GCC/ARM_CM0 -I../../../../../../../../Middlewares/Third_Party/FreeRTOS/Source/CMSIS_RTOS -I../../../../../../../../Middlewares/Third_Party/FreeRTOS/Source/include -I../../../../../../../../Middlewares/ST/STM32_USBPD_Library/Core/inc -I../../../../../../../../Middlewares/ST/STM32_USBPD_Library/Devices/STUSB1602/inc -I../../../../../../../../Utilities/LED_SERVER -Os -ffunction-sections -Wall -Wno-strict-aliasing -Wno-unused-variable -fstack-usage -MMD -MP -MF"Middlewares/Third_Party/FreeRTOS/list.d" -MT"Middlewares/Third_Party/FreeRTOS/list.o" --specs=nano.specs -mfloat-abi=soft -mthumb -o "Middlewares/Third_Party/FreeRTOS/list.o"
arm-none-eabi-gcc "C:/Users/Andrew/Documents/Repo/STUSB1602/Middlewares/Third_Party/FreeRTOS/Source/queue.c" -mcpu=cortex-m0 -std=gnu11 -g3 -DSTM32F072xB -DUSE_HAL_DRIVER -DUSE_STM32F0XX_NUCLEO -D_RTOS -DUSBPD_LED_SERVER '-DUSBPD_PORT_COUNT=1' -D_SRC -DMB1303 -DUSE_FULL_LL_DRIVER -DUSBPD_STUSB1602 -DCONF_NORMAL -DUSBPDCORE_LIB_PD3_CONFIG_1 -D_TRACE_NA -D_ERROR_RECOVERY -c -I../../../Inc -I../../../../../../../../Drivers/CMSIS/Device/ST/STM32F0xx/Include -I../../../../../../../../Drivers/STM32F0xx_HAL_Driver/Inc -I../../../../../../../../Drivers/BSP/STM32F0xx-Nucleo -I../../../../../../../../Drivers/BSP/P-NUCLEO-USB002 -I../../../../../../../../Drivers/CMSIS/Include -I../../../../../../../../Drivers/BSP/Components/STUSB1602 -I../../../../../../../../Middlewares/Third_Party/FreeRTOS/Source/portable/GCC/ARM_CM0 -I../../../../../../../../Middlewares/Third_Party/FreeRTOS/Source/CMSIS_RTOS -I../../../../../../../../Middlewares/Third_Party/FreeRTOS/Source/include -I../../../../../../../../Middlewares/ST/STM32_USBPD_Library/Core/inc -I../../../../../../../../Middlewares/ST/STM32_USBPD_Library/Devices/STUSB1602/inc -I../../../../../../../../Utilities/LED_SERVER -Os -ffunction-sections -Wall -Wno-strict-aliasing -Wno-unused-variable -fstack-usage -MMD -MP -MF"Middlewares/Third_Party/FreeRTOS/queue.d" -MT"Middlewares/Third_Party/FreeRTOS/queue.o" --specs=nano.specs -mfloat-abi=soft -mthumb -o "Middlewares/Third_Party/FreeRTOS/queue.o"
arm-none-eabi-gcc "C:/Users/Andrew/Documents/Repo/STUSB1602/Middlewares/Third_Party/FreeRTOS/Source/tasks.c" -mcpu=cortex-m0 -std=gnu11 -g3 -DSTM32F072xB -DUSE_HAL_DRIVER -DUSE_STM32F0XX_NUCLEO -D_RTOS -DUSBPD_LED_SERVER '-DUSBPD_PORT_COUNT=1' -D_SRC -DMB1303 -DUSE_FULL_LL_DRIVER -DUSBPD_STUSB1602 -DCONF_NORMAL -DUSBPDCORE_LIB_PD3_CONFIG_1 -D_TRACE_NA -D_ERROR_RECOVERY -c -I../../../Inc -I../../../../../../../../Drivers/CMSIS/Device/ST/STM32F0xx/Include -I../../../../../../../../Drivers/STM32F0xx_HAL_Driver/Inc -I../../../../../../../../Drivers/BSP/STM32F0xx-Nucleo -I../../../../../../../../Drivers/BSP/P-NUCLEO-USB002 -I../../../../../../../../Drivers/CMSIS/Include -I../../../../../../../../Drivers/BSP/Components/STUSB1602 -I../../../../../../../../Middlewares/Third_Party/FreeRTOS/Source/portable/GCC/ARM_CM0 -I../../../../../../../../Middlewares/Third_Party/FreeRTOS/Source/CMSIS_RTOS -I../../../../../../../../Middlewares/Third_Party/FreeRTOS/Source/include -I../../../../../../../../Middlewares/ST/STM32_USBPD_Library/Core/inc -I../../../../../../../../Middlewares/ST/STM32_USBPD_Library/Devices/STUSB1602/inc -I../../../../../../../../Utilities/LED_SERVER -Os -ffunction-sections -Wall -Wno-strict-aliasing -Wno-unused-variable -fstack-usage -MMD -MP -MF"Middlewares/Third_Party/FreeRTOS/tasks.d" -MT"Middlewares/Third_Party/FreeRTOS/tasks.o" --specs=nano.specs -mfloat-abi=soft -mthumb -o "Middlewares/Third_Party/FreeRTOS/tasks.o"
arm-none-eabi-gcc "C:/Users/Andrew/Documents/Repo/STUSB1602/Middlewares/ST/STM32_USBPD_Library/Devices/STUSB1602/src/usbpd_cad_hw_if.c" -mcpu=cortex-m0 -std=gnu11 -g3 -DSTM32F072xB -DUSE_HAL_DRIVER -DUSE_STM32F0XX_NUCLEO -D_RTOS -DUSBPD_LED_SERVER '-DUSBPD_PORT_COUNT=1' -D_SRC -DMB1303 -DUSE_FULL_LL_DRIVER -DUSBPD_STUSB1602 -DCONF_NORMAL -DUSBPDCORE_LIB_PD3_CONFIG_1 -D_TRACE_NA -D_ERROR_RECOVERY -c -I../../../Inc -I../../../../../../../../Drivers/CMSIS/Device/ST/STM32F0xx/Include -I../../../../../../../../Drivers/STM32F0xx_HAL_Driver/Inc -I../../../../../../../../Drivers/BSP/STM32F0xx-Nucleo -I../../../../../../../../Drivers/BSP/P-NUCLEO-USB002 -I../../../../../../../../Drivers/CMSIS/Include -I../../../../../../../../Drivers/BSP/Components/STUSB1602 -I../../../../../../../../Middlewares/Third_Party/FreeRTOS/Source/portable/GCC/ARM_CM0 -I../../../../../../../../Middlewares/Third_Party/FreeRTOS/Source/CMSIS_RTOS -I../../../../../../../../Middlewares/Third_Party/FreeRTOS/Source/include -I../../../../../../../../Middlewares/ST/STM32_USBPD_Library/Core/inc -I../../../../../../../../Middlewares/ST/STM32_USBPD_Library/Devices/STUSB1602/inc -I../../../../../../../../Utilities/LED_SERVER -Os -ffunction-sections -Wall -Wno-strict-aliasing -Wno-unused-variable -fstack-usage -MMD -MP -MF"Middlewares/ST/STM32_USBPD_Library/Devices/STUSB1602/usbpd_cad_hw_if.d" -MT"Middlewares/ST/STM32_USBPD_Library/Devices/STUSB1602/usbpd_cad_hw_if.o" --specs=nano.specs -mfloat-abi=soft -mthumb -o "Middlewares/ST/STM32_USBPD_Library/Devices/STUSB1602/usbpd_cad_hw_if.o"
arm-none-eabi-gcc "C:/Users/Andrew/Documents/Repo/STUSB1602/Middlewares/ST/STM32_USBPD_Library/Devices/STUSB1602/src/usbpd_hw_if_it.c" -mcpu=cortex-m0 -std=gnu11 -g3 -DSTM32F072xB -DUSE_HAL_DRIVER -DUSE_STM32F0XX_NUCLEO -D_RTOS -DUSBPD_LED_SERVER '-DUSBPD_PORT_COUNT=1' -D_SRC -DMB1303 -DUSE_FULL_LL_DRIVER -DUSBPD_STUSB1602 -DCONF_NORMAL -DUSBPDCORE_LIB_PD3_CONFIG_1 -D_TRACE_NA -D_ERROR_RECOVERY -c -I../../../Inc -I../../../../../../../../Drivers/CMSIS/Device/ST/STM32F0xx/Include -I../../../../../../../../Drivers/STM32F0xx_HAL_Driver/Inc -I../../../../../../../../Drivers/BSP/STM32F0xx-Nucleo -I../../../../../../../../Drivers/BSP/P-NUCLEO-USB002 -I../../../../../../../../Drivers/CMSIS/Include -I../../../../../../../../Drivers/BSP/Components/STUSB1602 -I../../../../../../../../Middlewares/Third_Party/FreeRTOS/Source/portable/GCC/ARM_CM0 -I../../../../../../../../Middlewares/Third_Party/FreeRTOS/Source/CMSIS_RTOS -I../../../../../../../../Middlewares/Third_Party/FreeRTOS/Source/include -I../../../../../../../../Middlewares/ST/STM32_USBPD_Library/Core/inc -I../../../../../../../../Middlewares/ST/STM32_USBPD_Library/Devices/STUSB1602/inc -I../../../../../../../../Utilities/LED_SERVER -Os -ffunction-sections -Wall -Wno-strict-aliasing -Wno-unused-variable -fstack-usage -MMD -MP -MF"Middlewares/ST/STM32_USBPD_Library/Devices/STUSB1602/usbpd_hw_if_it.d" -MT"Middlewares/ST/STM32_USBPD_Library/Devices/STUSB1602/usbpd_hw_if_it.o" --specs=nano.specs -mfloat-abi=soft -mthumb -o "Middlewares/ST/STM32_USBPD_Library/Devices/STUSB1602/usbpd_hw_if_it.o"
arm-none-eabi-gcc "C:/Users/Andrew/Documents/Repo/STUSB1602/Middlewares/ST/STM32_USBPD_Library/Devices/STUSB1602/src/usbpd_phy.c" -mcpu=cortex-m0 -std=gnu11 -g3 -DSTM32F072xB -DUSE_HAL_DRIVER -DUSE_STM32F0XX_NUCLEO -D_RTOS -DUSBPD_LED_SERVER '-DUSBPD_PORT_COUNT=1' -D_SRC -DMB1303 -DUSE_FULL_LL_DRIVER -DUSBPD_STUSB1602 -DCONF_NORMAL -DUSBPDCORE_LIB_PD3_CONFIG_1 -D_TRACE_NA -D_ERROR_RECOVERY -c -I../../../Inc -I../../../../../../../../Drivers/CMSIS/Device/ST/STM32F0xx/Include -I../../../../../../../../Drivers/STM32F0xx_HAL_Driver/Inc -I../../../../../../../../Drivers/BSP/STM32F0xx-Nucleo -I../../../../../../../../Drivers/BSP/P-NUCLEO-USB002 -I../../../../../../../../Drivers/CMSIS/Include -I../../../../../../../../Drivers/BSP/Components/STUSB1602 -I../../../../../../../../Middlewares/Third_Party/FreeRTOS/Source/portable/GCC/ARM_CM0 -I../../../../../../../../Middlewares/Third_Party/FreeRTOS/Source/CMSIS_RTOS -I../../../../../../../../Middlewares/Third_Party/FreeRTOS/Source/include -I../../../../../../../../Middlewares/ST/STM32_USBPD_Library/Core/inc -I../../../../../../../../Middlewares/ST/STM32_USBPD_Library/Devices/STUSB1602/inc -I../../../../../../../../Utilities/LED_SERVER -Os -ffunction-sections -Wall -Wno-strict-aliasing -Wno-unused-variable -fstack-usage -MMD -MP -MF"Middlewares/ST/STM32_USBPD_Library/Devices/STUSB1602/usbpd_phy.d" -MT"Middlewares/ST/STM32_USBPD_Library/Devices/STUSB1602/usbpd_phy.o" --specs=nano.specs -mfloat-abi=soft -mthumb -o "Middlewares/ST/STM32_USBPD_Library/Devices/STUSB1602/usbpd_phy.o"
arm-none-eabi-gcc "C:/Users/Andrew/Documents/Repo/STUSB1602/Middlewares/ST/STM32_USBPD_Library/Devices/STUSB1602/src/usbpd_phy_hw_if.c" -mcpu=cortex-m0 -std=gnu11 -g3 -DSTM32F072xB -DUSE_HAL_DRIVER -DUSE_STM32F0XX_NUCLEO -D_RTOS -DUSBPD_LED_SERVER '-DUSBPD_PORT_COUNT=1' -D_SRC -DMB1303 -DUSE_FULL_LL_DRIVER -DUSBPD_STUSB1602 -DCONF_NORMAL -DUSBPDCORE_LIB_PD3_CONFIG_1 -D_TRACE_NA -D_ERROR_RECOVERY -c -I../../../Inc -I../../../../../../../../Drivers/CMSIS/Device/ST/STM32F0xx/Include -I../../../../../../../../Drivers/STM32F0xx_HAL_Driver/Inc -I../../../../../../../../Drivers/BSP/STM32F0xx-Nucleo -I../../../../../../../../Drivers/BSP/P-NUCLEO-USB002 -I../../../../../../../../Drivers/CMSIS/Include -I../../../../../../../../Drivers/BSP/Components/STUSB1602 -I../../../../../../../../Middlewares/Third_Party/FreeRTOS/Source/portable/GCC/ARM_CM0 -I../../../../../../../../Middlewares/Third_Party/FreeRTOS/Source/CMSIS_RTOS -I../../../../../../../../Middlewares/Third_Party/FreeRTOS/Source/include -I../../../../../../../../Middlewares/ST/STM32_USBPD_Library/Core/inc -I../../../../../../../../Middlewares/ST/STM32_USBPD_Library/Devices/STUSB1602/inc -I../../../../../../../../Utilities/LED_SERVER -Os -ffunction-sections -Wall -Wno-strict-aliasing -Wno-unused-variable -fstack-usage -MMD -MP -MF"Middlewares/ST/STM32_USBPD_Library/Devices/STUSB1602/usbpd_phy_hw_if.d" -MT"Middlewares/ST/STM32_USBPD_Library/Devices/STUSB1602/usbpd_phy_hw_if.o" --specs=nano.specs -mfloat-abi=soft -mthumb -o "Middlewares/ST/STM32_USBPD_Library/Devices/STUSB1602/usbpd_phy_hw_if.o"
arm-none-eabi-gcc "C:/Users/Andrew/Documents/Repo/STUSB1602/Middlewares/ST/STM32_USBPD_Library/Devices/STUSB1602/src/usbpd_pwr_hw_if.c" -mcpu=cortex-m0 -std=gnu11 -g3 -DSTM32F072xB -DUSE_HAL_DRIVER -DUSE_STM32F0XX_NUCLEO -D_RTOS -DUSBPD_LED_SERVER '-DUSBPD_PORT_COUNT=1' -D_SRC -DMB1303 -DUSE_FULL_LL_DRIVER -DUSBPD_STUSB1602 -DCONF_NORMAL -DUSBPDCORE_LIB_PD3_CONFIG_1 -D_TRACE_NA -D_ERROR_RECOVERY -c -I../../../Inc -I../../../../../../../../Drivers/CMSIS/Device/ST/STM32F0xx/Include -I../../../../../../../../Drivers/STM32F0xx_HAL_Driver/Inc -I../../../../../../../../Drivers/BSP/STM32F0xx-Nucleo -I../../../../../../../../Drivers/BSP/P-NUCLEO-USB002 -I../../../../../../../../Drivers/CMSIS/Include -I../../../../../../../../Drivers/BSP/Components/STUSB1602 -I../../../../../../../../Middlewares/Third_Party/FreeRTOS/Source/portable/GCC/ARM_CM0 -I../../../../../../../../Middlewares/Third_Party/FreeRTOS/Source/CMSIS_RTOS -I../../../../../../../../Middlewares/Third_Party/FreeRTOS/Source/include -I../../../../../../../../Middlewares/ST/STM32_USBPD_Library/Core/inc -I../../../../../../../../Middlewares/ST/STM32_USBPD_Library/Devices/STUSB1602/inc -I../../../../../../../../Utilities/LED_SERVER -Os -ffunction-sections -Wall -Wno-strict-aliasing -Wno-unused-variable -fstack-usage -MMD -MP -MF"Middlewares/ST/STM32_USBPD_Library/Devices/STUSB1602/usbpd_pwr_hw_if.d" -MT"Middlewares/ST/STM32_USBPD_Library/Devices/STUSB1602/usbpd_pwr_hw_if.o" --specs=nano.specs -mfloat-abi=soft -mthumb -o "Middlewares/ST/STM32_USBPD_Library/Devices/STUSB1602/usbpd_pwr_hw_if.o"
arm-none-eabi-gcc "C:/Users/Andrew/Documents/Repo/STUSB1602/Middlewares/ST/STM32_USBPD_Library/Devices/STUSB1602/src/usbpd_stusb16xx_hw_if.c" -mcpu=cortex-m0 -std=gnu11 -g3 -DSTM32F072xB -DUSE_HAL_DRIVER -DUSE_STM32F0XX_NUCLEO -D_RTOS -DUSBPD_LED_SERVER '-DUSBPD_PORT_COUNT=1' -D_SRC -DMB1303 -DUSE_FULL_LL_DRIVER -DUSBPD_STUSB1602 -DCONF_NORMAL -DUSBPDCORE_LIB_PD3_CONFIG_1 -D_TRACE_NA -D_ERROR_RECOVERY -c -I../../../Inc -I../../../../../../../../Drivers/CMSIS/Device/ST/STM32F0xx/Include -I../../../../../../../../Drivers/STM32F0xx_HAL_Driver/Inc -I../../../../../../../../Drivers/BSP/STM32F0xx-Nucleo -I../../../../../../../../Drivers/BSP/P-NUCLEO-USB002 -I../../../../../../../../Drivers/CMSIS/Include -I../../../../../../../../Drivers/BSP/Components/STUSB1602 -I../../../../../../../../Middlewares/Third_Party/FreeRTOS/Source/portable/GCC/ARM_CM0 -I../../../../../../../../Middlewares/Third_Party/FreeRTOS/Source/CMSIS_RTOS -I../../../../../../../../Middlewares/Third_Party/FreeRTOS/Source/include -I../../../../../../../../Middlewares/ST/STM32_USBPD_Library/Core/inc -I../../../../../../../../Middlewares/ST/STM32_USBPD_Library/Devices/STUSB1602/inc -I../../../../../../../../Utilities/LED_SERVER -Os -ffunction-sections -Wall -Wno-strict-aliasing -Wno-unused-variable -fstack-usage -MMD -MP -MF"Middlewares/ST/STM32_USBPD_Library/Devices/STUSB1602/usbpd_stusb16xx_hw_if.d" -MT"Middlewares/ST/STM32_USBPD_Library/Devices/STUSB1602/usbpd_stusb16xx_hw_if.o" --specs=nano.specs -mfloat-abi=soft -mthumb -o "Middlewares/ST/STM32_USBPD_Library/Devices/STUSB1602/usbpd_stusb16xx_hw_if.o"
arm-none-eabi-gcc "C:/Users/Andrew/Documents/Repo/STUSB1602/Middlewares/ST/STM32_USBPD_Library/Devices/STUSB1602/src/usbpd_timersserver.c" -mcpu=cortex-m0 -std=gnu11 -g3 -DSTM32F072xB -DUSE_HAL_DRIVER -DUSE_STM32F0XX_NUCLEO -D_RTOS -DUSBPD_LED_SERVER '-DUSBPD_PORT_COUNT=1' -D_SRC -DMB1303 -DUSE_FULL_LL_DRIVER -DUSBPD_STUSB1602 -DCONF_NORMAL -DUSBPDCORE_LIB_PD3_CONFIG_1 -D_TRACE_NA -D_ERROR_RECOVERY -c -I../../../Inc -I../../../../../../../../Drivers/CMSIS/Device/ST/STM32F0xx/Include -I../../../../../../../../Drivers/STM32F0xx_HAL_Driver/Inc -I../../../../../../../../Drivers/BSP/STM32F0xx-Nucleo -I../../../../../../../../Drivers/BSP/P-NUCLEO-USB002 -I../../../../../../../../Drivers/CMSIS/Include -I../../../../../../../../Drivers/BSP/Components/STUSB1602 -I../../../../../../../../Middlewares/Third_Party/FreeRTOS/Source/portable/GCC/ARM_CM0 -I../../../../../../../../Middlewares/Third_Party/FreeRTOS/Source/CMSIS_RTOS -I../../../../../../../../Middlewares/Third_Party/FreeRTOS/Source/include -I../../../../../../../../Middlewares/ST/STM32_USBPD_Library/Core/inc -I../../../../../../../../Middlewares/ST/STM32_USBPD_Library/Devices/STUSB1602/inc -I../../../../../../../../Utilities/LED_SERVER -Os -ffunction-sections -Wall -Wno-strict-aliasing -Wno-unused-variable -fstack-usage -MMD -MP -MF"Middlewares/ST/STM32_USBPD_Library/Devices/STUSB1602/usbpd_timersserver.d" -MT"Middlewares/ST/STM32_USBPD_Library/Devices/STUSB1602/usbpd_timersserver.o" --specs=nano.specs -mfloat-abi=soft -mthumb -o "Middlewares/ST/STM32_USBPD_Library/Devices/STUSB1602/usbpd_timersserver.o"
arm-none-eabi-gcc "C:/Users/Andrew/Documents/Repo/STUSB1602/Middlewares/ST/STM32_USBPD_Library/Core/src/usbpd_dpm_core.c" -mcpu=cortex-m0 -std=gnu11 -g3 -DSTM32F072xB -DUSE_HAL_DRIVER -DUSE_STM32F0XX_NUCLEO -D_RTOS -DUSBPD_LED_SERVER '-DUSBPD_PORT_COUNT=1' -D_SRC -DMB1303 -DUSE_FULL_LL_DRIVER -DUSBPD_STUSB1602 -DCONF_NORMAL -DUSBPDCORE_LIB_PD3_CONFIG_1 -D_TRACE_NA -D_ERROR_RECOVERY -c -I../../../Inc -I../../../../../../../../Drivers/CMSIS/Device/ST/STM32F0xx/Include -I../../../../../../../../Drivers/STM32F0xx_HAL_Driver/Inc -I../../../../../../../../Drivers/BSP/STM32F0xx-Nucleo -I../../../../../../../../Drivers/BSP/P-NUCLEO-USB002 -I../../../../../../../../Drivers/CMSIS/Include -I../../../../../../../../Drivers/BSP/Components/STUSB1602 -I../../../../../../../../Middlewares/Third_Party/FreeRTOS/Source/portable/GCC/ARM_CM0 -I../../../../../../../../Middlewares/Third_Party/FreeRTOS/Source/CMSIS_RTOS -I../../../../../../../../Middlewares/Third_Party/FreeRTOS/Source/include -I../../../../../../../../Middlewares/ST/STM32_USBPD_Library/Core/inc -I../../../../../../../../Middlewares/ST/STM32_USBPD_Library/Devices/STUSB1602/inc -I../../../../../../../../Utilities/LED_SERVER -Os -ffunction-sections -Wall -Wno-strict-aliasing -Wno-unused-variable -fstack-usage -MMD -MP -MF"Middlewares/ST/STM32_USBPD_Library/Core/usbpd_dpm_core.d" -MT"Middlewares/ST/STM32_USBPD_Library/Core/usbpd_dpm_core.o" --specs=nano.specs -mfloat-abi=soft -mthumb -o "Middlewares/ST/STM32_USBPD_Library/Core/usbpd_dpm_core.o"
arm-none-eabi-gcc "C:/Users/Andrew/Documents/Repo/STUSB1602/Middlewares/ST/STM32_USBPD_Library/Core/src/usbpd_trace.c" -mcpu=cortex-m0 -std=gnu11 -g3 -DSTM32F072xB -DUSE_HAL_DRIVER -DUSE_STM32F0XX_NUCLEO -D_RTOS -DUSBPD_LED_SERVER '-DUSBPD_PORT_COUNT=1' -D_SRC -DMB1303 -DUSE_FULL_LL_DRIVER -DUSBPD_STUSB1602 -DCONF_NORMAL -DUSBPDCORE_LIB_PD3_CONFIG_1 -D_TRACE_NA -D_ERROR_RECOVERY -c -I../../../Inc -I../../../../../../../../Drivers/CMSIS/Device/ST/STM32F0xx/Include -I../../../../../../../../Drivers/STM32F0xx_HAL_Driver/Inc -I../../../../../../../../Drivers/BSP/STM32F0xx-Nucleo -I../../../../../../../../Drivers/BSP/P-NUCLEO-USB002 -I../../../../../../../../Drivers/CMSIS/Include -I../../../../../../../../Drivers/BSP/Components/STUSB1602 -I../../../../../../../../Middlewares/Third_Party/FreeRTOS/Source/portable/GCC/ARM_CM0 -I../../../../../../../../Middlewares/Third_Party/FreeRTOS/Source/CMSIS_RTOS -I../../../../../../../../Middlewares/Third_Party/FreeRTOS/Source/include -I../../../../../../../../Middlewares/ST/STM32_USBPD_Library/Core/inc -I../../../../../../../../Middlewares/ST/STM32_USBPD_Library/Devices/STUSB1602/inc -I../../../../../../../../Utilities/LED_SERVER -Os -ffunction-sections -Wall -Wno-strict-aliasing -Wno-unused-variable -fstack-usage -MMD -MP -MF"Middlewares/ST/STM32_USBPD_Library/Core/usbpd_trace.d" -MT"Middlewares/ST/STM32_USBPD_Library/Core/usbpd_trace.o" --specs=nano.specs -mfloat-abi=soft -mthumb -o "Middlewares/ST/STM32_USBPD_Library/Core/usbpd_trace.o"
arm-none-eabi-gcc "C:/Users/Andrew/Documents/Repo/STUSB1602/Drivers/STM32F0xx_HAL_Driver/Src/stm32f0xx_hal.c" -mcpu=cortex-m0 -std=gnu11 -g3 -DSTM32F072xB -DUSE_HAL_DRIVER -DUSE_STM32F0XX_NUCLEO -D_RTOS -DUSBPD_LED_SERVER '-DUSBPD_PORT_COUNT=1' -D_SRC -DMB1303 -DUSE_FULL_LL_DRIVER -DUSBPD_STUSB1602 -DCONF_NORMAL -DUSBPDCORE_LIB_PD3_CONFIG_1 -D_TRACE_NA -D_ERROR_RECOVERY -c -I../../../Inc -I../../../../../../../../Drivers/CMSIS/Device/ST/STM32F0xx/Include -I../../../../../../../../Drivers/STM32F0xx_HAL_Driver/Inc -I../../../../../../../../Drivers/BSP/STM32F0xx-Nucleo -I../../../../../../../../Drivers/BSP/P-NUCLEO-USB002 -I../../../../../../../../Drivers/CMSIS/Include -I../../../../../../../../Drivers/BSP/Components/STUSB1602 -I../../../../../../../../Middlewares/Third_Party/FreeRTOS/Source/portable/GCC/ARM_CM0 -I../../../../../../../../Middlewares/Third_Party/FreeRTOS/Source/CMSIS_RTOS -I../../../../../../../../Middlewares/Third_Party/FreeRTOS/Source/include -I../../../../../../../../Middlewares/ST/STM32_USBPD_Library/Core/inc -I../../../../../../../../Middlewares/ST/STM32_USBPD_Library/Devices/STUSB1602/inc -I../../../../../../../../Utilities/LED_SERVER -Os -ffunction-sections -Wall -Wno-strict-aliasing -Wno-unused-variable -fstack-usage -MMD -MP -MF"Drivers/STM32F0xx_HAL_Driver/stm32f0xx_hal.d" -MT"Drivers/STM32F0xx_HAL_Driver/stm32f0xx_hal.o" --specs=nano.specs -mfloat-abi=soft -mthumb -o "Drivers/STM32F0xx_HAL_Driver/stm32f0xx_hal.o"
arm-none-eabi-gcc "C:/Users/Andrew/Documents/Repo/STUSB1602/Drivers/STM32F0xx_HAL_Driver/Src/stm32f0xx_hal_adc.c" -mcpu=cortex-m0 -std=gnu11 -g3 -DSTM32F072xB -DUSE_HAL_DRIVER -DUSE_STM32F0XX_NUCLEO -D_RTOS -DUSBPD_LED_SERVER '-DUSBPD_PORT_COUNT=1' -D_SRC -DMB1303 -DUSE_FULL_LL_DRIVER -DUSBPD_STUSB1602 -DCONF_NORMAL -DUSBPDCORE_LIB_PD3_CONFIG_1 -D_TRACE_NA -D_ERROR_RECOVERY -c -I../../../Inc -I../../../../../../../../Drivers/CMSIS/Device/ST/STM32F0xx/Include -I../../../../../../../../Drivers/STM32F0xx_HAL_Driver/Inc -I../../../../../../../../Drivers/BSP/STM32F0xx-Nucleo -I../../../../../../../../Drivers/BSP/P-NUCLEO-USB002 -I../../../../../../../../Drivers/CMSIS/Include -I../../../../../../../../Drivers/BSP/Components/STUSB1602 -I../../../../../../../../Middlewares/Third_Party/FreeRTOS/Source/portable/GCC/ARM_CM0 -I../../../../../../../../Middlewares/Third_Party/FreeRTOS/Source/CMSIS_RTOS -I../../../../../../../../Middlewares/Third_Party/FreeRTOS/Source/include -I../../../../../../../../Middlewares/ST/STM32_USBPD_Library/Core/inc -I../../../../../../../../Middlewares/ST/STM32_USBPD_Library/Devices/STUSB1602/inc -I../../../../../../../../Utilities/LED_SERVER -Os -ffunction-sections -Wall -Wno-strict-aliasing -Wno-unused-variable -fstack-usage -MMD -MP -MF"Drivers/STM32F0xx_HAL_Driver/stm32f0xx_hal_adc.d" -MT"Drivers/STM32F0xx_HAL_Driver/stm32f0xx_hal_adc.o" --specs=nano.specs -mfloat-abi=soft -mthumb -o "Drivers/STM32F0xx_HAL_Driver/stm32f0xx_hal_adc.o"
arm-none-eabi-gcc "C:/Users/Andrew/Documents/Repo/STUSB1602/Drivers/STM32F0xx_HAL_Driver/Src/stm32f0xx_hal_adc_ex.c" -mcpu=cortex-m0 -std=gnu11 -g3 -DSTM32F072xB -DUSE_HAL_DRIVER -DUSE_STM32F0XX_NUCLEO -D_RTOS -DUSBPD_LED_SERVER '-DUSBPD_PORT_COUNT=1' -D_SRC -DMB1303 -DUSE_FULL_LL_DRIVER -DUSBPD_STUSB1602 -DCONF_NORMAL -DUSBPDCORE_LIB_PD3_CONFIG_1 -D_TRACE_NA -D_ERROR_RECOVERY -c -I../../../Inc -I../../../../../../../../Drivers/CMSIS/Device/ST/STM32F0xx/Include -I../../../../../../../../Drivers/STM32F0xx_HAL_Driver/Inc -I../../../../../../../../Drivers/BSP/STM32F0xx-Nucleo -I../../../../../../../../Drivers/BSP/P-NUCLEO-USB002 -I../../../../../../../../Drivers/CMSIS/Include -I../../../../../../../../Drivers/BSP/Components/STUSB1602 -I../../../../../../../../Middlewares/Third_Party/FreeRTOS/Source/portable/GCC/ARM_CM0 -I../../../../../../../../Middlewares/Third_Party/FreeRTOS/Source/CMSIS_RTOS -I../../../../../../../../Middlewares/Third_Party/FreeRTOS/Source/include -I../../../../../../../../Middlewares/ST/STM32_USBPD_Library/Core/inc -I../../../../../../../../Middlewares/ST/STM32_USBPD_Library/Devices/STUSB1602/inc -I../../../../../../../../Utilities/LED_SERVER -Os -ffunction-sections -Wall -Wno-strict-aliasing -Wno-unused-variable -fstack-usage -MMD -MP -MF"Drivers/STM32F0xx_HAL_Driver/stm32f0xx_hal_adc_ex.d" -MT"Drivers/STM32F0xx_HAL_Driver/stm32f0xx_hal_adc_ex.o" --specs=nano.specs -mfloat-abi=soft -mthumb -o "Drivers/STM32F0xx_HAL_Driver/stm32f0xx_hal_adc_ex.o"
arm-none-eabi-gcc "C:/Users/Andrew/Documents/Repo/STUSB1602/Drivers/STM32F0xx_HAL_Driver/Src/stm32f0xx_hal_cortex.c" -mcpu=cortex-m0 -std=gnu11 -g3 -DSTM32F072xB -DUSE_HAL_DRIVER -DUSE_STM32F0XX_NUCLEO -D_RTOS -DUSBPD_LED_SERVER '-DUSBPD_PORT_COUNT=1' -D_SRC -DMB1303 -DUSE_FULL_LL_DRIVER -DUSBPD_STUSB1602 -DCONF_NORMAL -DUSBPDCORE_LIB_PD3_CONFIG_1 -D_TRACE_NA -D_ERROR_RECOVERY -c -I../../../Inc -I../../../../../../../../Drivers/CMSIS/Device/ST/STM32F0xx/Include -I../../../../../../../../Drivers/STM32F0xx_HAL_Driver/Inc -I../../../../../../../../Drivers/BSP/STM32F0xx-Nucleo -I../../../../../../../../Drivers/BSP/P-NUCLEO-USB002 -I../../../../../../../../Drivers/CMSIS/Include -I../../../../../../../../Drivers/BSP/Components/STUSB1602 -I../../../../../../../../Middlewares/Third_Party/FreeRTOS/Source/portable/GCC/ARM_CM0 -I../../../../../../../../Middlewares/Third_Party/FreeRTOS/Source/CMSIS_RTOS -I../../../../../../../../Middlewares/Third_Party/FreeRTOS/Source/include -I../../../../../../../../Middlewares/ST/STM32_USBPD_Library/Core/inc -I../../../../../../../../Middlewares/ST/STM32_USBPD_Library/Devices/STUSB1602/inc -I../../../../../../../../Utilities/LED_SERVER -Os -ffunction-sections -Wall -Wno-strict-aliasing -Wno-unused-variable -fstack-usage -MMD -MP -MF"Drivers/STM32F0xx_HAL_Driver/stm32f0xx_hal_cortex.d" -MT"Drivers/STM32F0xx_HAL_Driver/stm32f0xx_hal_cortex.o" --specs=nano.specs -mfloat-abi=soft -mthumb -o "Drivers/STM32F0xx_HAL_Driver/stm32f0xx_hal_cortex.o"
arm-none-eabi-gcc "C:/Users/Andrew/Documents/Repo/STUSB1602/Drivers/STM32F0xx_HAL_Driver/Src/stm32f0xx_hal_crc.c" -mcpu=cortex-m0 -std=gnu11 -g3 -DSTM32F072xB -DUSE_HAL_DRIVER -DUSE_STM32F0XX_NUCLEO -D_RTOS -DUSBPD_LED_SERVER '-DUSBPD_PORT_COUNT=1' -D_SRC -DMB1303 -DUSE_FULL_LL_DRIVER -DUSBPD_STUSB1602 -DCONF_NORMAL -DUSBPDCORE_LIB_PD3_CONFIG_1 -D_TRACE_NA -D_ERROR_RECOVERY -c -I../../../Inc -I../../../../../../../../Drivers/CMSIS/Device/ST/STM32F0xx/Include -I../../../../../../../../Drivers/STM32F0xx_HAL_Driver/Inc -I../../../../../../../../Drivers/BSP/STM32F0xx-Nucleo -I../../../../../../../../Drivers/BSP/P-NUCLEO-USB002 -I../../../../../../../../Drivers/CMSIS/Include -I../../../../../../../../Drivers/BSP/Components/STUSB1602 -I../../../../../../../../Middlewares/Third_Party/FreeRTOS/Source/portable/GCC/ARM_CM0 -I../../../../../../../../Middlewares/Third_Party/FreeRTOS/Source/CMSIS_RTOS -I../../../../../../../../Middlewares/Third_Party/FreeRTOS/Source/include -I../../../../../../../../Middlewares/ST/STM32_USBPD_Library/Core/inc -I../../../../../../../../Middlewares/ST/STM32_USBPD_Library/Devices/STUSB1602/inc -I../../../../../../../../Utilities/LED_SERVER -Os -ffunction-sections -Wall -Wno-strict-aliasing -Wno-unused-variable -fstack-usage -MMD -MP -MF"Drivers/STM32F0xx_HAL_Driver/stm32f0xx_hal_crc.d" -MT"Drivers/STM32F0xx_HAL_Driver/stm32f0xx_hal_crc.o" --specs=nano.specs -mfloat-abi=soft -mthumb -o "Drivers/STM32F0xx_HAL_Driver/stm32f0xx_hal_crc.o"
arm-none-eabi-gcc "C:/Users/Andrew/Documents/Repo/STUSB1602/Drivers/STM32F0xx_HAL_Driver/Src/stm32f0xx_hal_crc_ex.c" -mcpu=cortex-m0 -std=gnu11 -g3 -DSTM32F072xB -DUSE_HAL_DRIVER -DUSE_STM32F0XX_NUCLEO -D_RTOS -DUSBPD_LED_SERVER '-DUSBPD_PORT_COUNT=1' -D_SRC -DMB1303 -DUSE_FULL_LL_DRIVER -DUSBPD_STUSB1602 -DCONF_NORMAL -DUSBPDCORE_LIB_PD3_CONFIG_1 -D_TRACE_NA -D_ERROR_RECOVERY -c -I../../../Inc -I../../../../../../../../Drivers/CMSIS/Device/ST/STM32F0xx/Include -I../../../../../../../../Drivers/STM32F0xx_HAL_Driver/Inc -I../../../../../../../../Drivers/BSP/STM32F0xx-Nucleo -I../../../../../../../../Drivers/BSP/P-NUCLEO-USB002 -I../../../../../../../../Drivers/CMSIS/Include -I../../../../../../../../Drivers/BSP/Components/STUSB1602 -I../../../../../../../../Middlewares/Third_Party/FreeRTOS/Source/portable/GCC/ARM_CM0 -I../../../../../../../../Middlewares/Third_Party/FreeRTOS/Source/CMSIS_RTOS -I../../../../../../../../Middlewares/Third_Party/FreeRTOS/Source/include -I../../../../../../../../Middlewares/ST/STM32_USBPD_Library/Core/inc -I../../../../../../../../Middlewares/ST/STM32_USBPD_Library/Devices/STUSB1602/inc -I../../../../../../../../Utilities/LED_SERVER -Os -ffunction-sections -Wall -Wno-strict-aliasing -Wno-unused-variable -fstack-usage -MMD -MP -MF"Drivers/STM32F0xx_HAL_Driver/stm32f0xx_hal_crc_ex.d" -MT"Drivers/STM32F0xx_HAL_Driver/stm32f0xx_hal_crc_ex.o" --specs=nano.specs -mfloat-abi=soft -mthumb -o "Drivers/STM32F0xx_HAL_Driver/stm32f0xx_hal_crc_ex.o"
arm-none-eabi-gcc "C:/Users/Andrew/Documents/Repo/STUSB1602/Drivers/STM32F0xx_HAL_Driver/Src/stm32f0xx_hal_dma.c" -mcpu=cortex-m0 -std=gnu11 -g3 -DSTM32F072xB -DUSE_HAL_DRIVER -DUSE_STM32F0XX_NUCLEO -D_RTOS -DUSBPD_LED_SERVER '-DUSBPD_PORT_COUNT=1' -D_SRC -DMB1303 -DUSE_FULL_LL_DRIVER -DUSBPD_STUSB1602 -DCONF_NORMAL -DUSBPDCORE_LIB_PD3_CONFIG_1 -D_TRACE_NA -D_ERROR_RECOVERY -c -I../../../Inc -I../../../../../../../../Drivers/CMSIS/Device/ST/STM32F0xx/Include -I../../../../../../../../Drivers/STM32F0xx_HAL_Driver/Inc -I../../../../../../../../Drivers/BSP/STM32F0xx-Nucleo -I../../../../../../../../Drivers/BSP/P-NUCLEO-USB002 -I../../../../../../../../Drivers/CMSIS/Include -I../../../../../../../../Drivers/BSP/Components/STUSB1602 -I../../../../../../../../Middlewares/Third_Party/FreeRTOS/Source/portable/GCC/ARM_CM0 -I../../../../../../../../Middlewares/Third_Party/FreeRTOS/Source/CMSIS_RTOS -I../../../../../../../../Middlewares/Third_Party/FreeRTOS/Source/include -I../../../../../../../../Middlewares/ST/STM32_USBPD_Library/Core/inc -I../../../../../../../../Middlewares/ST/STM32_USBPD_Library/Devices/STUSB1602/inc -I../../../../../../../../Utilities/LED_SERVER -Os -ffunction-sections -Wall -Wno-strict-aliasing -Wno-unused-variable -fstack-usage -MMD -MP -MF"Drivers/STM32F0xx_HAL_Driver/stm32f0xx_hal_dma.d" -MT"Drivers/STM32F0xx_HAL_Driver/stm32f0xx_hal_dma.o" --specs=nano.specs -mfloat-abi=soft -mthumb -o "Drivers/STM32F0xx_HAL_Driver/stm32f0xx_hal_dma.o"
arm-none-eabi-gcc "C:/Users/Andrew/Documents/Repo/STUSB1602/Drivers/STM32F0xx_HAL_Driver/Src/stm32f0xx_hal_gpio.c" -mcpu=cortex-m0 -std=gnu11 -g3 -DSTM32F072xB -DUSE_HAL_DRIVER -DUSE_STM32F0XX_NUCLEO -D_RTOS -DUSBPD_LED_SERVER '-DUSBPD_PORT_COUNT=1' -D_SRC -DMB1303 -DUSE_FULL_LL_DRIVER -DUSBPD_STUSB1602 -DCONF_NORMAL -DUSBPDCORE_LIB_PD3_CONFIG_1 -D_TRACE_NA -D_ERROR_RECOVERY -c -I../../../Inc -I../../../../../../../../Drivers/CMSIS/Device/ST/STM32F0xx/Include -I../../../../../../../../Drivers/STM32F0xx_HAL_Driver/Inc -I../../../../../../../../Drivers/BSP/STM32F0xx-Nucleo -I../../../../../../../../Drivers/BSP/P-NUCLEO-USB002 -I../../../../../../../../Drivers/CMSIS/Include -I../../../../../../../../Drivers/BSP/Components/STUSB1602 -I../../../../../../../../Middlewares/Third_Party/FreeRTOS/Source/portable/GCC/ARM_CM0 -I../../../../../../../../Middlewares/Third_Party/FreeRTOS/Source/CMSIS_RTOS -I../../../../../../../../Middlewares/Third_Party/FreeRTOS/Source/include -I../../../../../../../../Middlewares/ST/STM32_USBPD_Library/Core/inc -I../../../../../../../../Middlewares/ST/STM32_USBPD_Library/Devices/STUSB1602/inc -I../../../../../../../../Utilities/LED_SERVER -Os -ffunction-sections -Wall -Wno-strict-aliasing -Wno-unused-variable -fstack-usage -MMD -MP -MF"Drivers/STM32F0xx_HAL_Driver/stm32f0xx_hal_gpio.d" -MT"Drivers/STM32F0xx_HAL_Driver/stm32f0xx_hal_gpio.o" --specs=nano.specs -mfloat-abi=soft -mthumb -o "Drivers/STM32F0xx_HAL_Driver/stm32f0xx_hal_gpio.o"
arm-none-eabi-gcc "C:/Users/Andrew/Documents/Repo/STUSB1602/Drivers/STM32F0xx_HAL_Driver/Src/stm32f0xx_hal_i2c.c" -mcpu=cortex-m0 -std=gnu11 -g3 -DSTM32F072xB -DUSE_HAL_DRIVER -DUSE_STM32F0XX_NUCLEO -D_RTOS -DUSBPD_LED_SERVER '-DUSBPD_PORT_COUNT=1' -D_SRC -DMB1303 -DUSE_FULL_LL_DRIVER -DUSBPD_STUSB1602 -DCONF_NORMAL -DUSBPDCORE_LIB_PD3_CONFIG_1 -D_TRACE_NA -D_ERROR_RECOVERY -c -I../../../Inc -I../../../../../../../../Drivers/CMSIS/Device/ST/STM32F0xx/Include -I../../../../../../../../Drivers/STM32F0xx_HAL_Driver/Inc -I../../../../../../../../Drivers/BSP/STM32F0xx-Nucleo -I../../../../../../../../Drivers/BSP/P-NUCLEO-USB002 -I../../../../../../../../Drivers/CMSIS/Include -I../../../../../../../../Drivers/BSP/Components/STUSB1602 -I../../../../../../../../Middlewares/Third_Party/FreeRTOS/Source/portable/GCC/ARM_CM0 -I../../../../../../../../Middlewares/Third_Party/FreeRTOS/Source/CMSIS_RTOS -I../../../../../../../../Middlewares/Third_Party/FreeRTOS/Source/include -I../../../../../../../../Middlewares/ST/STM32_USBPD_Library/Core/inc -I../../../../../../../../Middlewares/ST/STM32_USBPD_Library/Devices/STUSB1602/inc -I../../../../../../../../Utilities/LED_SERVER -Os -ffunction-sections -Wall -Wno-strict-aliasing -Wno-unused-variable -fstack-usage -MMD -MP -MF"Drivers/STM32F0xx_HAL_Driver/stm32f0xx_hal_i2c.d" -MT"Drivers/STM32F0xx_HAL_Driver/stm32f0xx_hal_i2c.o" --specs=nano.specs -mfloat-abi=soft -mthumb -o "Drivers/STM32F0xx_HAL_Driver/stm32f0xx_hal_i2c.o"
arm-none-eabi-gcc "C:/Users/Andrew/Documents/Repo/STUSB1602/Drivers/STM32F0xx_HAL_Driver/Src/stm32f0xx_hal_i2c_ex.c" -mcpu=cortex-m0 -std=gnu11 -g3 -DSTM32F072xB -DUSE_HAL_DRIVER -DUSE_STM32F0XX_NUCLEO -D_RTOS -DUSBPD_LED_SERVER '-DUSBPD_PORT_COUNT=1' -D_SRC -DMB1303 -DUSE_FULL_LL_DRIVER -DUSBPD_STUSB1602 -DCONF_NORMAL -DUSBPDCORE_LIB_PD3_CONFIG_1 -D_TRACE_NA -D_ERROR_RECOVERY -c -I../../../Inc -I../../../../../../../../Drivers/CMSIS/Device/ST/STM32F0xx/Include -I../../../../../../../../Drivers/STM32F0xx_HAL_Driver/Inc -I../../../../../../../../Drivers/BSP/STM32F0xx-Nucleo -I../../../../../../../../Drivers/BSP/P-NUCLEO-USB002 -I../../../../../../../../Drivers/CMSIS/Include -I../../../../../../../../Drivers/BSP/Components/STUSB1602 -I../../../../../../../../Middlewares/Third_Party/FreeRTOS/Source/portable/GCC/ARM_CM0 -I../../../../../../../../Middlewares/Third_Party/FreeRTOS/Source/CMSIS_RTOS -I../../../../../../../../Middlewares/Third_Party/FreeRTOS/Source/include -I../../../../../../../../Middlewares/ST/STM32_USBPD_Library/Core/inc -I../../../../../../../../Middlewares/ST/STM32_USBPD_Library/Devices/STUSB1602/inc -I../../../../../../../../Utilities/LED_SERVER -Os -ffunction-sections -Wall -Wno-strict-aliasing -Wno-unused-variable -fstack-usage -MMD -MP -MF"Drivers/STM32F0xx_HAL_Driver/stm32f0xx_hal_i2c_ex.d" -MT"Drivers/STM32F0xx_HAL_Driver/stm32f0xx_hal_i2c_ex.o" --specs=nano.specs -mfloat-abi=soft -mthumb -o "Drivers/STM32F0xx_HAL_Driver/stm32f0xx_hal_i2c_ex.o"
arm-none-eabi-gcc "C:/Users/Andrew/Documents/Repo/STUSB1602/Drivers/STM32F0xx_HAL_Driver/Src/stm32f0xx_hal_rcc.c" -mcpu=cortex-m0 -std=gnu11 -g3 -DSTM32F072xB -DUSE_HAL_DRIVER -DUSE_STM32F0XX_NUCLEO -D_RTOS -DUSBPD_LED_SERVER '-DUSBPD_PORT_COUNT=1' -D_SRC -DMB1303 -DUSE_FULL_LL_DRIVER -DUSBPD_STUSB1602 -DCONF_NORMAL -DUSBPDCORE_LIB_PD3_CONFIG_1 -D_TRACE_NA -D_ERROR_RECOVERY -c -I../../../Inc -I../../../../../../../../Drivers/CMSIS/Device/ST/STM32F0xx/Include -I../../../../../../../../Drivers/STM32F0xx_HAL_Driver/Inc -I../../../../../../../../Drivers/BSP/STM32F0xx-Nucleo -I../../../../../../../../Drivers/BSP/P-NUCLEO-USB002 -I../../../../../../../../Drivers/CMSIS/Include -I../../../../../../../../Drivers/BSP/Components/STUSB1602 -I../../../../../../../../Middlewares/Third_Party/FreeRTOS/Source/portable/GCC/ARM_CM0 -I../../../../../../../../Middlewares/Third_Party/FreeRTOS/Source/CMSIS_RTOS -I../../../../../../../../Middlewares/Third_Party/FreeRTOS/Source/include -I../../../../../../../../Middlewares/ST/STM32_USBPD_Library/Core/inc -I../../../../../../../../Middlewares/ST/STM32_USBPD_Library/Devices/STUSB1602/inc -I../../../../../../../../Utilities/LED_SERVER -Os -ffunction-sections -Wall -Wno-strict-aliasing -Wno-unused-variable -fstack-usage -MMD -MP -MF"Drivers/STM32F0xx_HAL_Driver/stm32f0xx_hal_rcc.d" -MT"Drivers/STM32F0xx_HAL_Driver/stm32f0xx_hal_rcc.o" --specs=nano.specs -mfloat-abi=soft -mthumb -o "Drivers/STM32F0xx_HAL_Driver/stm32f0xx_hal_rcc.o"
arm-none-eabi-gcc "C:/Users/Andrew/Documents/Repo/STUSB1602/Drivers/STM32F0xx_HAL_Driver/Src/stm32f0xx_hal_rcc_ex.c" -mcpu=cortex-m0 -std=gnu11 -g3 -DSTM32F072xB -DUSE_HAL_DRIVER -DUSE_STM32F0XX_NUCLEO -D_RTOS -DUSBPD_LED_SERVER '-DUSBPD_PORT_COUNT=1' -D_SRC -DMB1303 -DUSE_FULL_LL_DRIVER -DUSBPD_STUSB1602 -DCONF_NORMAL -DUSBPDCORE_LIB_PD3_CONFIG_1 -D_TRACE_NA -D_ERROR_RECOVERY -c -I../../../Inc -I../../../../../../../../Drivers/CMSIS/Device/ST/STM32F0xx/Include -I../../../../../../../../Drivers/STM32F0xx_HAL_Driver/Inc -I../../../../../../../../Drivers/BSP/STM32F0xx-Nucleo -I../../../../../../../../Drivers/BSP/P-NUCLEO-USB002 -I../../../../../../../../Drivers/CMSIS/Include -I../../../../../../../../Drivers/BSP/Components/STUSB1602 -I../../../../../../../../Middlewares/Third_Party/FreeRTOS/Source/portable/GCC/ARM_CM0 -I../../../../../../../../Middlewares/Third_Party/FreeRTOS/Source/CMSIS_RTOS -I../../../../../../../../Middlewares/Third_Party/FreeRTOS/Source/include -I../../../../../../../../Middlewares/ST/STM32_USBPD_Library/Core/inc -I../../../../../../../../Middlewares/ST/STM32_USBPD_Library/Devices/STUSB1602/inc -I../../../../../../../../Utilities/LED_SERVER -Os -ffunction-sections -Wall -Wno-strict-aliasing -Wno-unused-variable -fstack-usage -MMD -MP -MF"Drivers/STM32F0xx_HAL_Driver/stm32f0xx_hal_rcc_ex.d" -MT"Drivers/STM32F0xx_HAL_Driver/stm32f0xx_hal_rcc_ex.o" --specs=nano.specs -mfloat-abi=soft -mthumb -o "Drivers/STM32F0xx_HAL_Driver/stm32f0xx_hal_rcc_ex.o"
arm-none-eabi-gcc "C:/Users/Andrew/Documents/Repo/STUSB1602/Drivers/STM32F0xx_HAL_Driver/Src/stm32f0xx_hal_spi.c" -mcpu=cortex-m0 -std=gnu11 -g3 -DSTM32F072xB -DUSE_HAL_DRIVER -DUSE_STM32F0XX_NUCLEO -D_RTOS -DUSBPD_LED_SERVER '-DUSBPD_PORT_COUNT=1' -D_SRC -DMB1303 -DUSE_FULL_LL_DRIVER -DUSBPD_STUSB1602 -DCONF_NORMAL -DUSBPDCORE_LIB_PD3_CONFIG_1 -D_TRACE_NA -D_ERROR_RECOVERY -c -I../../../Inc -I../../../../../../../../Drivers/CMSIS/Device/ST/STM32F0xx/Include -I../../../../../../../../Drivers/STM32F0xx_HAL_Driver/Inc -I../../../../../../../../Drivers/BSP/STM32F0xx-Nucleo -I../../../../../../../../Drivers/BSP/P-NUCLEO-USB002 -I../../../../../../../../Drivers/CMSIS/Include -I../../../../../../../../Drivers/BSP/Components/STUSB1602 -I../../../../../../../../Middlewares/Third_Party/FreeRTOS/Source/portable/GCC/ARM_CM0 -I../../../../../../../../Middlewares/Third_Party/FreeRTOS/Source/CMSIS_RTOS -I../../../../../../../../Middlewares/Third_Party/FreeRTOS/Source/include -I../../../../../../../../Middlewares/ST/STM32_USBPD_Library/Core/inc -I../../../../../../../../Middlewares/ST/STM32_USBPD_Library/Devices/STUSB1602/inc -I../../../../../../../../Utilities/LED_SERVER -Os -ffunction-sections -Wall -Wno-strict-aliasing -Wno-unused-variable -fstack-usage -MMD -MP -MF"Drivers/STM32F0xx_HAL_Driver/stm32f0xx_hal_spi.d" -MT"Drivers/STM32F0xx_HAL_Driver/stm32f0xx_hal_spi.o" --specs=nano.specs -mfloat-abi=soft -mthumb -o "Drivers/STM32F0xx_HAL_Driver/stm32f0xx_hal_spi.o"
arm-none-eabi-gcc "C:/Users/Andrew/Documents/Repo/STUSB1602/Drivers/STM32F0xx_HAL_Driver/Src/stm32f0xx_hal_spi_ex.c" -mcpu=cortex-m0 -std=gnu11 -g3 -DSTM32F072xB -DUSE_HAL_DRIVER -DUSE_STM32F0XX_NUCLEO -D_RTOS -DUSBPD_LED_SERVER '-DUSBPD_PORT_COUNT=1' -D_SRC -DMB1303 -DUSE_FULL_LL_DRIVER -DUSBPD_STUSB1602 -DCONF_NORMAL -DUSBPDCORE_LIB_PD3_CONFIG_1 -D_TRACE_NA -D_ERROR_RECOVERY -c -I../../../Inc -I../../../../../../../../Drivers/CMSIS/Device/ST/STM32F0xx/Include -I../../../../../../../../Drivers/STM32F0xx_HAL_Driver/Inc -I../../../../../../../../Drivers/BSP/STM32F0xx-Nucleo -I../../../../../../../../Drivers/BSP/P-NUCLEO-USB002 -I../../../../../../../../Drivers/CMSIS/Include -I../../../../../../../../Drivers/BSP/Components/STUSB1602 -I../../../../../../../../Middlewares/Third_Party/FreeRTOS/Source/portable/GCC/ARM_CM0 -I../../../../../../../../Middlewares/Third_Party/FreeRTOS/Source/CMSIS_RTOS -I../../../../../../../../Middlewares/Third_Party/FreeRTOS/Source/include -I../../../../../../../../Middlewares/ST/STM32_USBPD_Library/Core/inc -I../../../../../../../../Middlewares/ST/STM32_USBPD_Library/Devices/STUSB1602/inc -I../../../../../../../../Utilities/LED_SERVER -Os -ffunction-sections -Wall -Wno-strict-aliasing -Wno-unused-variable -fstack-usage -MMD -MP -MF"Drivers/STM32F0xx_HAL_Driver/stm32f0xx_hal_spi_ex.d" -MT"Drivers/STM32F0xx_HAL_Driver/stm32f0xx_hal_spi_ex.o" --specs=nano.specs -mfloat-abi=soft -mthumb -o "Drivers/STM32F0xx_HAL_Driver/stm32f0xx_hal_spi_ex.o"
arm-none-eabi-gcc "C:/Users/Andrew/Documents/Repo/STUSB1602/Drivers/STM32F0xx_HAL_Driver/Src/stm32f0xx_hal_tim.c" -mcpu=cortex-m0 -std=gnu11 -g3 -DSTM32F072xB -DUSE_HAL_DRIVER -DUSE_STM32F0XX_NUCLEO -D_RTOS -DUSBPD_LED_SERVER '-DUSBPD_PORT_COUNT=1' -D_SRC -DMB1303 -DUSE_FULL_LL_DRIVER -DUSBPD_STUSB1602 -DCONF_NORMAL -DUSBPDCORE_LIB_PD3_CONFIG_1 -D_TRACE_NA -D_ERROR_RECOVERY -c -I../../../Inc -I../../../../../../../../Drivers/CMSIS/Device/ST/STM32F0xx/Include -I../../../../../../../../Drivers/STM32F0xx_HAL_Driver/Inc -I../../../../../../../../Drivers/BSP/STM32F0xx-Nucleo -I../../../../../../../../Drivers/BSP/P-NUCLEO-USB002 -I../../../../../../../../Drivers/CMSIS/Include -I../../../../../../../../Drivers/BSP/Components/STUSB1602 -I../../../../../../../../Middlewares/Third_Party/FreeRTOS/Source/portable/GCC/ARM_CM0 -I../../../../../../../../Middlewares/Third_Party/FreeRTOS/Source/CMSIS_RTOS -I../../../../../../../../Middlewares/Third_Party/FreeRTOS/Source/include -I../../../../../../../../Middlewares/ST/STM32_USBPD_Library/Core/inc -I../../../../../../../../Middlewares/ST/STM32_USBPD_Library/Devices/STUSB1602/inc -I../../../../../../../../Utilities/LED_SERVER -Os -ffunction-sections -Wall -Wno-strict-aliasing -Wno-unused-variable -fstack-usage -MMD -MP -MF"Drivers/STM32F0xx_HAL_Driver/stm32f0xx_hal_tim.d" -MT"Drivers/STM32F0xx_HAL_Driver/stm32f0xx_hal_tim.o" --specs=nano.specs -mfloat-abi=soft -mthumb -o "Drivers/STM32F0xx_HAL_Driver/stm32f0xx_hal_tim.o"
arm-none-eabi-gcc "C:/Users/Andrew/Documents/Repo/STUSB1602/Drivers/STM32F0xx_HAL_Driver/Src/stm32f0xx_hal_tim_ex.c" -mcpu=cortex-m0 -std=gnu11 -g3 -DSTM32F072xB -DUSE_HAL_DRIVER -DUSE_STM32F0XX_NUCLEO -D_RTOS -DUSBPD_LED_SERVER '-DUSBPD_PORT_COUNT=1' -D_SRC -DMB1303 -DUSE_FULL_LL_DRIVER -DUSBPD_STUSB1602 -DCONF_NORMAL -DUSBPDCORE_LIB_PD3_CONFIG_1 -D_TRACE_NA -D_ERROR_RECOVERY -c -I../../../Inc -I../../../../../../../../Drivers/CMSIS/Device/ST/STM32F0xx/Include -I../../../../../../../../Drivers/STM32F0xx_HAL_Driver/Inc -I../../../../../../../../Drivers/BSP/STM32F0xx-Nucleo -I../../../../../../../../Drivers/BSP/P-NUCLEO-USB002 -I../../../../../../../../Drivers/CMSIS/Include -I../../../../../../../../Drivers/BSP/Components/STUSB1602 -I../../../../../../../../Middlewares/Third_Party/FreeRTOS/Source/portable/GCC/ARM_CM0 -I../../../../../../../../Middlewares/Third_Party/FreeRTOS/Source/CMSIS_RTOS -I../../../../../../../../Middlewares/Third_Party/FreeRTOS/Source/include -I../../../../../../../../Middlewares/ST/STM32_USBPD_Library/Core/inc -I../../../../../../../../Middlewares/ST/STM32_USBPD_Library/Devices/STUSB1602/inc -I../../../../../../../../Utilities/LED_SERVER -Os -ffunction-sections -Wall -Wno-strict-aliasing -Wno-unused-variable -fstack-usage -MMD -MP -MF"Drivers/STM32F0xx_HAL_Driver/stm32f0xx_hal_tim_ex.d" -MT"Drivers/STM32F0xx_HAL_Driver/stm32f0xx_hal_tim_ex.o" --specs=nano.specs -mfloat-abi=soft -mthumb -o "Drivers/STM32F0xx_HAL_Driver/stm32f0xx_hal_tim_ex.o"
arm-none-eabi-gcc "C:/Users/Andrew/Documents/Repo/STUSB1602/Drivers/STM32F0xx_HAL_Driver/Src/stm32f0xx_hal_uart.c" -mcpu=cortex-m0 -std=gnu11 -g3 -DSTM32F072xB -DUSE_HAL_DRIVER -DUSE_STM32F0XX_NUCLEO -D_RTOS -DUSBPD_LED_SERVER '-DUSBPD_PORT_COUNT=1' -D_SRC -DMB1303 -DUSE_FULL_LL_DRIVER -DUSBPD_STUSB1602 -DCONF_NORMAL -DUSBPDCORE_LIB_PD3_CONFIG_1 -D_TRACE_NA -D_ERROR_RECOVERY -c -I../../../Inc -I../../../../../../../../Drivers/CMSIS/Device/ST/STM32F0xx/Include -I../../../../../../../../Drivers/STM32F0xx_HAL_Driver/Inc -I../../../../../../../../Drivers/BSP/STM32F0xx-Nucleo -I../../../../../../../../Drivers/BSP/P-NUCLEO-USB002 -I../../../../../../../../Drivers/CMSIS/Include -I../../../../../../../../Drivers/BSP/Components/STUSB1602 -I../../../../../../../../Middlewares/Third_Party/FreeRTOS/Source/portable/GCC/ARM_CM0 -I../../../../../../../../Middlewares/Third_Party/FreeRTOS/Source/CMSIS_RTOS -I../../../../../../../../Middlewares/Third_Party/FreeRTOS/Source/include -I../../../../../../../../Middlewares/ST/STM32_USBPD_Library/Core/inc -I../../../../../../../../Middlewares/ST/STM32_USBPD_Library/Devices/STUSB1602/inc -I../../../../../../../../Utilities/LED_SERVER -Os -ffunction-sections -Wall -Wno-strict-aliasing -Wno-unused-variable -fstack-usage -MMD -MP -MF"Drivers/STM32F0xx_HAL_Driver/stm32f0xx_hal_uart.d" -MT"Drivers/STM32F0xx_HAL_Driver/stm32f0xx_hal_uart.o" --specs=nano.specs -mfloat-abi=soft -mthumb -o "Drivers/STM32F0xx_HAL_Driver/stm32f0xx_hal_uart.o"
arm-none-eabi-gcc "C:/Users/Andrew/Documents/Repo/STUSB1602/Drivers/STM32F0xx_HAL_Driver/Src/stm32f0xx_hal_uart_ex.c" -mcpu=cortex-m0 -std=gnu11 -g3 -DSTM32F072xB -DUSE_HAL_DRIVER -DUSE_STM32F0XX_NUCLEO -D_RTOS -DUSBPD_LED_SERVER '-DUSBPD_PORT_COUNT=1' -D_SRC -DMB1303 -DUSE_FULL_LL_DRIVER -DUSBPD_STUSB1602 -DCONF_NORMAL -DUSBPDCORE_LIB_PD3_CONFIG_1 -D_TRACE_NA -D_ERROR_RECOVERY -c -I../../../Inc -I../../../../../../../../Drivers/CMSIS/Device/ST/STM32F0xx/Include -I../../../../../../../../Drivers/STM32F0xx_HAL_Driver/Inc -I../../../../../../../../Drivers/BSP/STM32F0xx-Nucleo -I../../../../../../../../Drivers/BSP/P-NUCLEO-USB002 -I../../../../../../../../Drivers/CMSIS/Include -I../../../../../../../../Drivers/BSP/Components/STUSB1602 -I../../../../../../../../Middlewares/Third_Party/FreeRTOS/Source/portable/GCC/ARM_CM0 -I../../../../../../../../Middlewares/Third_Party/FreeRTOS/Source/CMSIS_RTOS -I../../../../../../../../Middlewares/Third_Party/FreeRTOS/Source/include -I../../../../../../../../Middlewares/ST/STM32_USBPD_Library/Core/inc -I../../../../../../../../Middlewares/ST/STM32_USBPD_Library/Devices/STUSB1602/inc -I../../../../../../../../Utilities/LED_SERVER -Os -ffunction-sections -Wall -Wno-strict-aliasing -Wno-unused-variable -fstack-usage -MMD -MP -MF"Drivers/STM32F0xx_HAL_Driver/stm32f0xx_hal_uart_ex.d" -MT"Drivers/STM32F0xx_HAL_Driver/stm32f0xx_hal_uart_ex.o" --specs=nano.specs -mfloat-abi=soft -mthumb -o "Drivers/STM32F0xx_HAL_Driver/stm32f0xx_hal_uart_ex.o"
arm-none-eabi-gcc "C:/Users/Andrew/Documents/Repo/STUSB1602/Drivers/STM32F0xx_HAL_Driver/Src/stm32f0xx_ll_exti.c" -mcpu=cortex-m0 -std=gnu11 -g3 -DSTM32F072xB -DUSE_HAL_DRIVER -DUSE_STM32F0XX_NUCLEO -D_RTOS -DUSBPD_LED_SERVER '-DUSBPD_PORT_COUNT=1' -D_SRC -DMB1303 -DUSE_FULL_LL_DRIVER -DUSBPD_STUSB1602 -DCONF_NORMAL -DUSBPDCORE_LIB_PD3_CONFIG_1 -D_TRACE_NA -D_ERROR_RECOVERY -c -I../../../Inc -I../../../../../../../../Drivers/CMSIS/Device/ST/STM32F0xx/Include -I../../../../../../../../Drivers/STM32F0xx_HAL_Driver/Inc -I../../../../../../../../Drivers/BSP/STM32F0xx-Nucleo -I../../../../../../../../Drivers/BSP/P-NUCLEO-USB002 -I../../../../../../../../Drivers/CMSIS/Include -I../../../../../../../../Drivers/BSP/Components/STUSB1602 -I../../../../../../../../Middlewares/Third_Party/FreeRTOS/Source/portable/GCC/ARM_CM0 -I../../../../../../../../Middlewares/Third_Party/FreeRTOS/Source/CMSIS_RTOS -I../../../../../../../../Middlewares/Third_Party/FreeRTOS/Source/include -I../../../../../../../../Middlewares/ST/STM32_USBPD_Library/Core/inc -I../../../../../../../../Middlewares/ST/STM32_USBPD_Library/Devices/STUSB1602/inc -I../../../../../../../../Utilities/LED_SERVER -Os -ffunction-sections -Wall -Wno-strict-aliasing -Wno-unused-variable -fstack-usage -MMD -MP -MF"Drivers/STM32F0xx_HAL_Driver/stm32f0xx_ll_exti.d" -MT"Drivers/STM32F0xx_HAL_Driver/stm32f0xx_ll_exti.o" --specs=nano.specs -mfloat-abi=soft -mthumb -o "Drivers/STM32F0xx_HAL_Driver/stm32f0xx_ll_exti.o"
arm-none-eabi-gcc "C:/Users/Andrew/Documents/Repo/STUSB1602/Drivers/STM32F0xx_HAL_Driver/Src/stm32f0xx_ll_utils.c" -mcpu=cortex-m0 -std=gnu11 -g3 -DSTM32F072xB -DUSE_HAL_DRIVER -DUSE_STM32F0XX_NUCLEO -D_RTOS -DUSBPD_LED_SERVER '-DUSBPD_PORT_COUNT=1' -D_SRC -DMB1303 -DUSE_FULL_LL_DRIVER -DUSBPD_STUSB1602 -DCONF_NORMAL -DUSBPDCORE_LIB_PD3_CONFIG_1 -D_TRACE_NA -D_ERROR_RECOVERY -c -I../../../Inc -I../../../../../../../../Drivers/CMSIS/Device/ST/STM32F0xx/Include -I../../../../../../../../Drivers/STM32F0xx_HAL_Driver/Inc -I../../../../../../../../Drivers/BSP/STM32F0xx-Nucleo -I../../../../../../../../Drivers/BSP/P-NUCLEO-USB002 -I../../../../../../../../Drivers/CMSIS/Include -I../../../../../../../../Drivers/BSP/Components/STUSB1602 -I../../../../../../../../Middlewares/Third_Party/FreeRTOS/Source/portable/GCC/ARM_CM0 -I../../../../../../../../Middlewares/Third_Party/FreeRTOS/Source/CMSIS_RTOS -I../../../../../../../../Middlewares/Third_Party/FreeRTOS/Source/include -I../../../../../../../../Middlewares/ST/STM32_USBPD_Library/Core/inc -I../../../../../../../../Middlewares/ST/STM32_USBPD_Library/Devices/STUSB1602/inc -I../../../../../../../../Utilities/LED_SERVER -Os -ffunction-sections -Wall -Wno-strict-aliasing -Wno-unused-variable -fstack-usage -MMD -MP -MF"Drivers/STM32F0xx_HAL_Driver/stm32f0xx_ll_utils.d" -MT"Drivers/STM32F0xx_HAL_Driver/stm32f0xx_ll_utils.o" --specs=nano.specs -mfloat-abi=soft -mthumb -o "Drivers/STM32F0xx_HAL_Driver/stm32f0xx_ll_utils.o"
arm-none-eabi-gcc "C:/Users/Andrew/Documents/Repo/STUSB1602/Projects/STM32F072RB-Nucleo/Applications/USB_PD/MB1303_Provider_PD30/Src/system_stm32f0xx.c" -mcpu=cortex-m0 -std=gnu11 -g3 -DSTM32F072xB -DUSE_HAL_DRIVER -DUSE_STM32F0XX_NUCLEO -D_RTOS -DUSBPD_LED_SERVER '-DUSBPD_PORT_COUNT=1' -D_SRC -DMB1303 -DUSE_FULL_LL_DRIVER -DUSBPD_STUSB1602 -DCONF_NORMAL -DUSBPDCORE_LIB_PD3_CONFIG_1 -D_TRACE_NA -D_ERROR_RECOVERY -c -I../../../Inc -I../../../../../../../../Drivers/CMSIS/Device/ST/STM32F0xx/Include -I../../../../../../../../Drivers/STM32F0xx_HAL_Driver/Inc -I../../../../../../../../Drivers/BSP/STM32F0xx-Nucleo -I../../../../../../../../Drivers/BSP/P-NUCLEO-USB002 -I../../../../../../../../Drivers/CMSIS/Include -I../../../../../../../../Drivers/BSP/Components/STUSB1602 -I../../../../../../../../Middlewares/Third_Party/FreeRTOS/Source/portable/GCC/ARM_CM0 -I../../../../../../../../Middlewares/Third_Party/FreeRTOS/Source/CMSIS_RTOS -I../../../../../../../../Middlewares/Third_Party/FreeRTOS/Source/include -I../../../../../../../../Middlewares/ST/STM32_USBPD_Library/Core/inc -I../../../../../../../../Middlewares/ST/STM32_USBPD_Library/Devices/STUSB1602/inc -I../../../../../../../../Utilities/LED_SERVER -Os -ffunction-sections -Wall -Wno-strict-aliasing -Wno-unused-variable -fstack-usage -MMD -MP -MF"Drivers/CMSIS/system_stm32f0xx.d" -MT"Drivers/CMSIS/system_stm32f0xx.o" --specs=nano.specs -mfloat-abi=soft -mthumb -o "Drivers/CMSIS/system_stm32f0xx.o"
arm-none-eabi-gcc "C:/Users/Andrew/Documents/Repo/STUSB1602/Drivers/BSP/STM32F0xx-Nucleo/stm32f0xx_nucleo.c" -mcpu=cortex-m0 -std=gnu11 -g3 -DSTM32F072xB -DUSE_HAL_DRIVER -DUSE_STM32F0XX_NUCLEO -D_RTOS -DUSBPD_LED_SERVER '-DUSBPD_PORT_COUNT=1' -D_SRC -DMB1303 -DUSE_FULL_LL_DRIVER -DUSBPD_STUSB1602 -DCONF_NORMAL -DUSBPDCORE_LIB_PD3_CONFIG_1 -D_TRACE_NA -D_ERROR_RECOVERY -c -I../../../Inc -I../../../../../../../../Drivers/CMSIS/Device/ST/STM32F0xx/Include -I../../../../../../../../Drivers/STM32F0xx_HAL_Driver/Inc -I../../../../../../../../Drivers/BSP/STM32F0xx-Nucleo -I../../../../../../../../Drivers/BSP/P-NUCLEO-USB002 -I../../../../../../../../Drivers/CMSIS/Include -I../../../../../../../../Drivers/BSP/Components/STUSB1602 -I../../../../../../../../Middlewares/Third_Party/FreeRTOS/Source/portable/GCC/ARM_CM0 -I../../../../../../../../Middlewares/Third_Party/FreeRTOS/Source/CMSIS_RTOS -I../../../../../../../../Middlewares/Third_Party/FreeRTOS/Source/include -I../../../../../../../../Middlewares/ST/STM32_USBPD_Library/Core/inc -I../../../../../../../../Middlewares/ST/STM32_USBPD_Library/Devices/STUSB1602/inc -I../../../../../../../../Utilities/LED_SERVER -Os -ffunction-sections -Wall -Wno-strict-aliasing -Wno-unused-variable -fstack-usage -MMD -MP -MF"Drivers/BSP/STM32F0xx-Nucleo/stm32f0xx_nucleo.d" -MT"Drivers/BSP/STM32F0xx-Nucleo/stm32f0xx_nucleo.o" --specs=nano.specs -mfloat-abi=soft -mthumb -o "Drivers/BSP/STM32F0xx-Nucleo/stm32f0xx_nucleo.o"
arm-none-eabi-gcc "C:/Users/Andrew/Documents/Repo/STUSB1602/Drivers/BSP/STM32F0xx-Nucleo/usbpd_bsp_trace.c" -mcpu=cortex-m0 -std=gnu11 -g3 -DSTM32F072xB -DUSE_HAL_DRIVER -DUSE_STM32F0XX_NUCLEO -D_RTOS -DUSBPD_LED_SERVER '-DUSBPD_PORT_COUNT=1' -D_SRC -DMB1303 -DUSE_FULL_LL_DRIVER -DUSBPD_STUSB1602 -DCONF_NORMAL -DUSBPDCORE_LIB_PD3_CONFIG_1 -D_TRACE_NA -D_ERROR_RECOVERY -c -I../../../Inc -I../../../../../../../../Drivers/CMSIS/Device/ST/STM32F0xx/Include -I../../../../../../../../Drivers/STM32F0xx_HAL_Driver/Inc -I../../../../../../../../Drivers/BSP/STM32F0xx-Nucleo -I../../../../../../../../Drivers/BSP/P-NUCLEO-USB002 -I../../../../../../../../Drivers/CMSIS/Include -I../../../../../../../../Drivers/BSP/Components/STUSB1602 -I../../../../../../../../Middlewares/Third_Party/FreeRTOS/Source/portable/GCC/ARM_CM0 -I../../../../../../../../Middlewares/Third_Party/FreeRTOS/Source/CMSIS_RTOS -I../../../../../../../../Middlewares/Third_Party/FreeRTOS/Source/include -I../../../../../../../../Middlewares/ST/STM32_USBPD_Library/Core/inc -I../../../../../../../../Middlewares/ST/STM32_USBPD_Library/Devices/STUSB1602/inc -I../../../../../../../../Utilities/LED_SERVER -Os -ffunction-sections -Wall -Wno-strict-aliasing -Wno-unused-variable -fstack-usage -MMD -MP -MF"Drivers/BSP/STM32F0xx-Nucleo/usbpd_bsp_trace.d" -MT"Drivers/BSP/STM32F0xx-Nucleo/usbpd_bsp_trace.o" --specs=nano.specs -mfloat-abi=soft -mthumb -o "Drivers/BSP/STM32F0xx-Nucleo/usbpd_bsp_trace.o"
arm-none-eabi-gcc "C:/Users/Andrew/Documents/Repo/STUSB1602/Drivers/BSP/P-NUCLEO-USB002/p-nucleo-usb002.c" -mcpu=cortex-m0 -std=gnu11 -g3 -DSTM32F072xB -DUSE_HAL_DRIVER -DUSE_STM32F0XX_NUCLEO -D_RTOS -DUSBPD_LED_SERVER '-DUSBPD_PORT_COUNT=1' -D_SRC -DMB1303 -DUSE_FULL_LL_DRIVER -DUSBPD_STUSB1602 -DCONF_NORMAL -DUSBPDCORE_LIB_PD3_CONFIG_1 -D_TRACE_NA -D_ERROR_RECOVERY -c -I../../../Inc -I../../../../../../../../Drivers/CMSIS/Device/ST/STM32F0xx/Include -I../../../../../../../../Drivers/STM32F0xx_HAL_Driver/Inc -I../../../../../../../../Drivers/BSP/STM32F0xx-Nucleo -I../../../../../../../../Drivers/BSP/P-NUCLEO-USB002 -I../../../../../../../../Drivers/CMSIS/Include -I../../../../../../../../Drivers/BSP/Components/STUSB1602 -I../../../../../../../../Middlewares/Third_Party/FreeRTOS/Source/portable/GCC/ARM_CM0 -I../../../../../../../../Middlewares/Third_Party/FreeRTOS/Source/CMSIS_RTOS -I../../../../../../../../Middlewares/Third_Party/FreeRTOS/Source/include -I../../../../../../../../Middlewares/ST/STM32_USBPD_Library/Core/inc -I../../../../../../../../Middlewares/ST/STM32_USBPD_Library/Devices/STUSB1602/inc -I../../../../../../../../Utilities/LED_SERVER -Os -ffunction-sections -Wall -Wno-strict-aliasing -Wno-unused-variable -fstack-usage -MMD -MP -MF"Drivers/BSP/P-NUCLEO-USB002/p-nucleo-usb002.d" -MT"Drivers/BSP/P-NUCLEO-USB002/p-nucleo-usb002.o" --specs=nano.specs -mfloat-abi=soft -mthumb -o "Drivers/BSP/P-NUCLEO-USB002/p-nucleo-usb002.o"
arm-none-eabi-gcc "C:/Users/Andrew/Documents/Repo/STUSB1602/Drivers/BSP/Components/STUSB1602/STUSB1602_Driver.c" -mcpu=cortex-m0 -std=gnu11 -g3 -DSTM32F072xB -DUSE_HAL_DRIVER -DUSE_STM32F0XX_NUCLEO -D_RTOS -DUSBPD_LED_SERVER '-DUSBPD_PORT_COUNT=1' -D_SRC -DMB1303 -DUSE_FULL_LL_DRIVER -DUSBPD_STUSB1602 -DCONF_NORMAL -DUSBPDCORE_LIB_PD3_CONFIG_1 -D_TRACE_NA -D_ERROR_RECOVERY -c -I../../../Inc -I../../../../../../../../Drivers/CMSIS/Device/ST/STM32F0xx/Include -I../../../../../../../../Drivers/STM32F0xx_HAL_Driver/Inc -I../../../../../../../../Drivers/BSP/STM32F0xx-Nucleo -I../../../../../../../../Drivers/BSP/P-NUCLEO-USB002 -I../../../../../../../../Drivers/CMSIS/Include -I../../../../../../../../Drivers/BSP/Components/STUSB1602 -I../../../../../../../../Middlewares/Third_Party/FreeRTOS/Source/portable/GCC/ARM_CM0 -I../../../../../../../../Middlewares/Third_Party/FreeRTOS/Source/CMSIS_RTOS -I../../../../../../../../Middlewares/Third_Party/FreeRTOS/Source/include -I../../../../../../../../Middlewares/ST/STM32_USBPD_Library/Core/inc -I../../../../../../../../Middlewares/ST/STM32_USBPD_Library/Devices/STUSB1602/inc -I../../../../../../../../Utilities/LED_SERVER -Os -ffunction-sections -Wall -Wno-strict-aliasing -Wno-unused-variable -fstack-usage -MMD -MP -MF"Drivers/BSP/Components/STUSB1602/STUSB1602_Driver.d" -MT"Drivers/BSP/Components/STUSB1602/STUSB1602_Driver.o" --specs=nano.specs -mfloat-abi=soft -mthumb -o "Drivers/BSP/Components/STUSB1602/STUSB1602_Driver.o"
arm-none-eabi-gcc "C:/Users/Andrew/Documents/Repo/STUSB1602/Projects/STM32F072RB-Nucleo/Applications/USB_PD/MB1303_Provider_PD30/Src/main.c" -mcpu=cortex-m0 -std=gnu11 -g3 -DSTM32F072xB -DUSE_HAL_DRIVER -DUSE_STM32F0XX_NUCLEO -D_RTOS -DUSBPD_LED_SERVER '-DUSBPD_PORT_COUNT=1' -D_SRC -DMB1303 -DUSE_FULL_LL_DRIVER -DUSBPD_STUSB1602 -DCONF_NORMAL -DUSBPDCORE_LIB_PD3_CONFIG_1 -D_TRACE_NA -D_ERROR_RECOVERY -c -I../../../Inc -I../../../../../../../../Drivers/CMSIS/Device/ST/STM32F0xx/Include -I../../../../../../../../Drivers/STM32F0xx_HAL_Driver/Inc -I../../../../../../../../Drivers/BSP/STM32F0xx-Nucleo -I../../../../../../../../Drivers/BSP/P-NUCLEO-USB002 -I../../../../../../../../Drivers/CMSIS/Include -I../../../../../../../../Drivers/BSP/Components/STUSB1602 -I../../../../../../../../Middlewares/Third_Party/FreeRTOS/Source/portable/GCC/ARM_CM0 -I../../../../../../../../Middlewares/Third_Party/FreeRTOS/Source/CMSIS_RTOS -I../../../../../../../../Middlewares/Third_Party/FreeRTOS/Source/include -I../../../../../../../../Middlewares/ST/STM32_USBPD_Library/Core/inc -I../../../../../../../../Middlewares/ST/STM32_USBPD_Library/Devices/STUSB1602/inc -I../../../../../../../../Utilities/LED_SERVER -Os -ffunction-sections -Wall -Wno-strict-aliasing -Wno-unused-variable -fstack-usage -MMD -MP -MF"Application/User/main.d" -MT"Application/User/main.o" --specs=nano.specs -mfloat-abi=soft -mthumb -o "Application/User/main.o"
arm-none-eabi-gcc "C:/Users/Andrew/Documents/Repo/STUSB1602/Projects/STM32F072RB-Nucleo/Applications/USB_PD/MB1303_Provider_PD30/Src/stm32f0xx_hal_msp.c" -mcpu=cortex-m0 -std=gnu11 -g3 -DSTM32F072xB -DUSE_HAL_DRIVER -DUSE_STM32F0XX_NUCLEO -D_RTOS -DUSBPD_LED_SERVER '-DUSBPD_PORT_COUNT=1' -D_SRC -DMB1303 -DUSE_FULL_LL_DRIVER -DUSBPD_STUSB1602 -DCONF_NORMAL -DUSBPDCORE_LIB_PD3_CONFIG_1 -D_TRACE_NA -D_ERROR_RECOVERY -c -I../../../Inc -I../../../../../../../../Drivers/CMSIS/Device/ST/STM32F0xx/Include -I../../../../../../../../Drivers/STM32F0xx_HAL_Driver/Inc -I../../../../../../../../Drivers/BSP/STM32F0xx-Nucleo -I../../../../../../../../Drivers/BSP/P-NUCLEO-USB002 -I../../../../../../../../Drivers/CMSIS/Include -I../../../../../../../../Drivers/BSP/Components/STUSB1602 -I../../../../../../../../Middlewares/Third_Party/FreeRTOS/Source/portable/GCC/ARM_CM0 -I../../../../../../../../Middlewares/Third_Party/FreeRTOS/Source/CMSIS_RTOS -I../../../../../../../../Middlewares/Third_Party/FreeRTOS/Source/include -I../../../../../../../../Middlewares/ST/STM32_USBPD_Library/Core/inc -I../../../../../../../../Middlewares/ST/STM32_USBPD_Library/Devices/STUSB1602/inc -I../../../../../../../../Utilities/LED_SERVER -Os -ffunction-sections -Wall -Wno-strict-aliasing -Wno-unused-variable -fstack-usage -MMD -MP -MF"Application/User/stm32f0xx_hal_msp.d" -MT"Application/User/stm32f0xx_hal_msp.o" --specs=nano.specs -mfloat-abi=soft -mthumb -o "Application/User/stm32f0xx_hal_msp.o"
arm-none-eabi-gcc "C:/Users/Andrew/Documents/Repo/STUSB1602/Projects/STM32F072RB-Nucleo/Applications/USB_PD/MB1303_Provider_PD30/Src/stm32f0xx_it.c" -mcpu=cortex-m0 -std=gnu11 -g3 -DSTM32F072xB -DUSE_HAL_DRIVER -DUSE_STM32F0XX_NUCLEO -D_RTOS -DUSBPD_LED_SERVER '-DUSBPD_PORT_COUNT=1' -D_SRC -DMB1303 -DUSE_FULL_LL_DRIVER -DUSBPD_STUSB1602 -DCONF_NORMAL -DUSBPDCORE_LIB_PD3_CONFIG_1 -D_TRACE_NA -D_ERROR_RECOVERY -c -I../../../Inc -I../../../../../../../../Drivers/CMSIS/Device/ST/STM32F0xx/Include -I../../../../../../../../Drivers/STM32F0xx_HAL_Driver/Inc -I../../../../../../../../Drivers/BSP/STM32F0xx-Nucleo -I../../../../../../../../Drivers/BSP/P-NUCLEO-USB002 -I../../../../../../../../Drivers/CMSIS/Include -I../../../../../../../../Drivers/BSP/Components/STUSB1602 -I../../../../../../../../Middlewares/Third_Party/FreeRTOS/Source/portable/GCC/ARM_CM0 -I../../../../../../../../Middlewares/Third_Party/FreeRTOS/Source/CMSIS_RTOS -I../../../../../../../../Middlewares/Third_Party/FreeRTOS/Source/include -I../../../../../../../../Middlewares/ST/STM32_USBPD_Library/Core/inc -I../../../../../../../../Middlewares/ST/STM32_USBPD_Library/Devices/STUSB1602/inc -I../../../../../../../../Utilities/LED_SERVER -Os -ffunction-sections -Wall -Wno-strict-aliasing -Wno-unused-variable -fstack-usage -MMD -MP -MF"Application/User/stm32f0xx_it.d" -MT"Application/User/stm32f0xx_it.o" --specs=nano.specs -mfloat-abi=soft -mthumb -o "Application/User/stm32f0xx_it.o"
arm-none-eabi-gcc "C:/Users/Andrew/Documents/Repo/STUSB1602/Projects/STM32F072RB-Nucleo/Applications/USB_PD/MB1303_Provider_PD30/Src/usbpd_dpm_user.c" -mcpu=cortex-m0 -std=gnu11 -g3 -DSTM32F072xB -DUSE_HAL_DRIVER -DUSE_STM32F0XX_NUCLEO -D_RTOS -DUSBPD_LED_SERVER '-DUSBPD_PORT_COUNT=1' -D_SRC -DMB1303 -DUSE_FULL_LL_DRIVER -DUSBPD_STUSB1602 -DCONF_NORMAL -DUSBPDCORE_LIB_PD3_CONFIG_1 -D_TRACE_NA -D_ERROR_RECOVERY -c -I../../../Inc -I../../../../../../../../Drivers/CMSIS/Device/ST/STM32F0xx/Include -I../../../../../../../../Drivers/STM32F0xx_HAL_Driver/Inc -I../../../../../../../../Drivers/BSP/STM32F0xx-Nucleo -I../../../../../../../../Drivers/BSP/P-NUCLEO-USB002 -I../../../../../../../../Drivers/CMSIS/Include -I../../../../../../../../Drivers/BSP/Components/STUSB1602 -I../../../../../../../../Middlewares/Third_Party/FreeRTOS/Source/portable/GCC/ARM_CM0 -I../../../../../../../../Middlewares/Third_Party/FreeRTOS/Source/CMSIS_RTOS -I../../../../../../../../Middlewares/Third_Party/FreeRTOS/Source/include -I../../../../../../../../Middlewares/ST/STM32_USBPD_Library/Core/inc -I../../../../../../../../Middlewares/ST/STM32_USBPD_Library/Devices/STUSB1602/inc -I../../../../../../../../Utilities/LED_SERVER -Os -ffunction-sections -Wall -Wno-strict-aliasing -Wno-unused-variable -fstack-usage -MMD -MP -MF"Application/User/usbpd_dpm_user.d" -MT"Application/User/usbpd_dpm_user.o" --specs=nano.specs -mfloat-abi=soft -mthumb -o "Application/User/usbpd_dpm_user.o"
arm-none-eabi-gcc "C:/Users/Andrew/Documents/Repo/STUSB1602/Projects/STM32F072RB-Nucleo/Applications/USB_PD/MB1303_Provider_PD30/Src/usbpd_pwr_if.c" -mcpu=cortex-m0 -std=gnu11 -g3 -DSTM32F072xB -DUSE_HAL_DRIVER -DUSE_STM32F0XX_NUCLEO -D_RTOS -DUSBPD_LED_SERVER '-DUSBPD_PORT_COUNT=1' -D_SRC -DMB1303 -DUSE_FULL_LL_DRIVER -DUSBPD_STUSB1602 -DCONF_NORMAL -DUSBPDCORE_LIB_PD3_CONFIG_1 -D_TRACE_NA -D_ERROR_RECOVERY -c -I../../../Inc -I../../../../../../../../Drivers/CMSIS/Device/ST/STM32F0xx/Include -I../../../../../../../../Drivers/STM32F0xx_HAL_Driver/Inc -I../../../../../../../../Drivers/BSP/STM32F0xx-Nucleo -I../../../../../../../../Drivers/BSP/P-NUCLEO-USB002 -I../../../../../../../../Drivers/CMSIS/Include -I../../../../../../../../Drivers/BSP/Components/STUSB1602 -I../../../../../../../../Middlewares/Third_Party/FreeRTOS/Source/portable/GCC/ARM_CM0 -I../../../../../../../../Middlewares/Third_Party/FreeRTOS/Source/CMSIS_RTOS -I../../../../../../../../Middlewares/Third_Party/FreeRTOS/Source/include -I../../../../../../../../Middlewares/ST/STM32_USBPD_Library/Core/inc -I../../../../../../../../Middlewares/ST/STM32_USBPD_Library/Devices/STUSB1602/inc -I../../../../../../../../Utilities/LED_SERVER -Os -ffunction-sections -Wall -Wno-strict-aliasing -Wno-unused-variable -fstack-usage -MMD -MP -MF"Application/User/usbpd_pwr_if.d" -MT"Application/User/usbpd_pwr_if.o" --specs=nano.specs -mfloat-abi=soft -mthumb -o "Application/User/usbpd_pwr_if.o"
arm-none-eabi-gcc -mcpu=cortex-m0 -g3 -c -I../../../Inc -I../../../../../../../../Middlewares/Third_Party/FreeRTOS/Source/include -x assembler-with-cpp -MMD -MP -MF"Application/SW4STM32/startup_stm32f072xb.d" -MT"Application/SW4STM32/startup_stm32f072xb.o" --specs=nano.specs -mfloat-abi=soft -mthumb -o "Application/SW4STM32/startup_stm32f072xb.o" "C:/Users/Andrew/Documents/Repo/STUSB1602/Projects/STM32F072RB-Nucleo/Applications/USB_PD/MB1303_Provider_PD30/SW4STM32/startup_stm32f072xb.s"
arm-none-eabi-gcc -o "STM32F072RB-Nucleo_MB1303_Provider_PD30.elf" @"objects.list"  -l:USBPDCORE_PD3_CONFIG_1_CM0_wc32.a -mcpu=cortex-m0 -T"../STM32F072RBTx_FLASH.ld" --specs=nosys.specs -Wl,-Map="STM32F072RB-Nucleo_MB1303_Provider_PD30.map" -Wl,--gc-sections -static -L../../../../../../../../Middlewares/ST/STM32_USBPD_Library/Core/lib --specs=nano.specs -mfloat-abi=soft -mthumb -Wl,--start-group -lc -lm -Wl,--end-group
Finished building target: STM32F072RB-Nucleo_MB1303_Provider_PD30.elf
 
arm-none-eabi-size   STM32F072RB-Nucleo_MB1303_Provider_PD30.elf 
   text	   data	    bss	    dec	    hex	filename
  51024	    724	   8804	  60552	   ec88	STM32F072RB-Nucleo_MB1303_Provider_PD30.elf
Finished building: default.size.stdout
 
arm-none-eabi-objdump -h -S  STM32F072RB-Nucleo_MB1303_Provider_PD30.elf  > "STM32F072RB-Nucleo_MB1303_Provider_PD30.list"
Finished building: STM32F072RB-Nucleo_MB1303_Provider_PD30.list
 
arm-none-eabi-objcopy  -O binary  STM32F072RB-Nucleo_MB1303_Provider_PD30.elf  "STM32F072RB-Nucleo_MB1303_Provider_PD30.bin"
Finished building: STM32F072RB-Nucleo_MB1303_Provider_PD30.bin
 
18:31:07 **** Incremental Build of configuration Debug for project STM32F072RB-Nucleo_MB1303_Provider_PD30 ****
make all 
arm-none-eabi-gcc "C:/Users/Andrew/Documents/Repo/STUSB1602/Utilities/LED_SERVER/led_server.c" -mcpu=cortex-m0 -std=gnu11 -g3 -DSTM32F072xB -DUSE_HAL_DRIVER -DUSE_STM32F0XX_NUCLEO -D_RTOS -DUSBPD_LED_SERVER '-DUSBPD_PORT_COUNT=1' -D_SRC -DMB1303 -DUSE_FULL_LL_DRIVER -DUSBPD_STUSB1602 -DCONF_NORMAL -DUSBPDCORE_LIB_PD3_CONFIG_1 -D_TRACE_NA -D_ERROR_RECOVERY -c -I../../../Inc -I../../../../../../../../Drivers/CMSIS/Device/ST/STM32F0xx/Include -I../../../../../../../../Drivers/STM32F0xx_HAL_Driver/Inc -I../../../../../../../../Drivers/BSP/STM32F0xx-Nucleo -I../../../../../../../../Drivers/BSP/P-NUCLEO-USB002 -I../../../../../../../../Drivers/CMSIS/Include -I../../../../../../../../Drivers/BSP/Components/STUSB1602 -I../../../../../../../../Middlewares/Third_Party/FreeRTOS/Source/portable/GCC/ARM_CM0 -I../../../../../../../../Middlewares/Third_Party/FreeRTOS/Source/CMSIS_RTOS -I../../../../../../../../Middlewares/Third_Party/FreeRTOS/Source/include -I../../../../../../../../Middlewares/ST/STM32_USBPD_Library/Core/inc -I../../../../../../../../Middlewares/ST/STM32_USBPD_Library/Devices/STUSB1602/inc -I../../../../../../../../Utilities/LED_SERVER -Os -ffunction-sections -Wall -Wno-strict-aliasing -Wno-unused-variable -fstack-usage -MMD -MP -MF"Utilities/LED_SERVER/led_server.d" -MT"Utilities/LED_SERVER/led_server.o" --specs=nano.specs -mfloat-abi=soft -mthumb -o "Utilities/LED_SERVER/led_server.o"
In file included from C:/Users/Andrew/Documents/Repo/STUSB1602/Utilities/LED_SERVER/led_server.c:49:0:
../../../../../../../../Drivers/BSP/P-NUCLEO-USB002/p-nucleo-usb002.h:131:27: error: 'ELED6' undeclared here (not in a function); did you mean 'ELED3'?
     LED_PORT1_CC        = ELED6,
                           ^~~~~
                           ELED3
../../../../../../../../Drivers/BSP/P-NUCLEO-USB002/p-nucleo-usb002.h:132:27: error: 'ELED5' undeclared here (not in a function); did you mean 'ELED6'?
     LED_PORT1_VBUS      = ELED5,
                           ^~~~~
                           ELED6
../../../../../../../../Drivers/BSP/P-NUCLEO-USB002/p-nucleo-usb002.h:133:27: error: 'ELED4' undeclared here (not in a function); did you mean 'ELED5'?
     LED_PORT1_ROLE      = ELED4
                           ^~~~~
                           ELED5
make: *** [Utilities/LED_SERVER/subdir.mk:18: Utilities/LED_SERVER/led_server.o] Error 1
"make all" terminated with exit code 2. Build might be incomplete.
18:33:32 **** Incremental Build of configuration Debug for project STM32F072RB-Nucleo_MB1303_Provider_PD30 ****
make all 
arm-none-eabi-gcc "C:/Users/Andrew/Documents/Repo/STUSB1602/Utilities/LED_SERVER/led_server.c" -mcpu=cortex-m0 -std=gnu11 -g3 -DSTM32F072xB -DUSE_HAL_DRIVER -DUSE_STM32F0XX_NUCLEO -D_RTOS -DUSBPD_LED_SERVER '-DUSBPD_PORT_COUNT=1' -D_SRC -DMB1303 -DUSE_FULL_LL_DRIVER -DUSBPD_STUSB1602 -DCONF_NORMAL -DUSBPDCORE_LIB_PD3_CONFIG_1 -D_TRACE_NA -D_ERROR_RECOVERY -c -I../../../Inc -I../../../../../../../../Drivers/CMSIS/Device/ST/STM32F0xx/Include -I../../../../../../../../Drivers/STM32F0xx_HAL_Driver/Inc -I../../../../../../../../Drivers/BSP/STM32F0xx-Nucleo -I../../../../../../../../Drivers/BSP/P-NUCLEO-USB002 -I../../../../../../../../Drivers/CMSIS/Include -I../../../../../../../../Drivers/BSP/Components/STUSB1602 -I../../../../../../../../Middlewares/Third_Party/FreeRTOS/Source/portable/GCC/ARM_CM0 -I../../../../../../../../Middlewares/Third_Party/FreeRTOS/Source/CMSIS_RTOS -I../../../../../../../../Middlewares/Third_Party/FreeRTOS/Source/include -I../../../../../../../../Middlewares/ST/STM32_USBPD_Library/Core/inc -I../../../../../../../../Middlewares/ST/STM32_USBPD_Library/Devices/STUSB1602/inc -I../../../../../../../../Utilities/LED_SERVER -Os -ffunction-sections -Wall -Wno-strict-aliasing -Wno-unused-variable -fstack-usage -MMD -MP -MF"Utilities/LED_SERVER/led_server.d" -MT"Utilities/LED_SERVER/led_server.o" --specs=nano.specs -mfloat-abi=soft -mthumb -o "Utilities/LED_SERVER/led_server.o"
arm-none-eabi-gcc "C:/Users/Andrew/Documents/Repo/STUSB1602/Middlewares/ST/STM32_USBPD_Library/Devices/STUSB1602/src/usbpd_cad_hw_if.c" -mcpu=cortex-m0 -std=gnu11 -g3 -DSTM32F072xB -DUSE_HAL_DRIVER -DUSE_STM32F0XX_NUCLEO -D_RTOS -DUSBPD_LED_SERVER '-DUSBPD_PORT_COUNT=1' -D_SRC -DMB1303 -DUSE_FULL_LL_DRIVER -DUSBPD_STUSB1602 -DCONF_NORMAL -DUSBPDCORE_LIB_PD3_CONFIG_1 -D_TRACE_NA -D_ERROR_RECOVERY -c -I../../../Inc -I../../../../../../../../Drivers/CMSIS/Device/ST/STM32F0xx/Include -I../../../../../../../../Drivers/STM32F0xx_HAL_Driver/Inc -I../../../../../../../../Drivers/BSP/STM32F0xx-Nucleo -I../../../../../../../../Drivers/BSP/P-NUCLEO-USB002 -I../../../../../../../../Drivers/CMSIS/Include -I../../../../../../../../Drivers/BSP/Components/STUSB1602 -I../../../../../../../../Middlewares/Third_Party/FreeRTOS/Source/portable/GCC/ARM_CM0 -I../../../../../../../../Middlewares/Third_Party/FreeRTOS/Source/CMSIS_RTOS -I../../../../../../../../Middlewares/Third_Party/FreeRTOS/Source/include -I../../../../../../../../Middlewares/ST/STM32_USBPD_Library/Core/inc -I../../../../../../../../Middlewares/ST/STM32_USBPD_Library/Devices/STUSB1602/inc -I../../../../../../../../Utilities/LED_SERVER -Os -ffunction-sections -Wall -Wno-strict-aliasing -Wno-unused-variable -fstack-usage -MMD -MP -MF"Middlewares/ST/STM32_USBPD_Library/Devices/STUSB1602/usbpd_cad_hw_if.d" -MT"Middlewares/ST/STM32_USBPD_Library/Devices/STUSB1602/usbpd_cad_hw_if.o" --specs=nano.specs -mfloat-abi=soft -mthumb -o "Middlewares/ST/STM32_USBPD_Library/Devices/STUSB1602/usbpd_cad_hw_if.o"
arm-none-eabi-gcc "C:/Users/Andrew/Documents/Repo/STUSB1602/Middlewares/ST/STM32_USBPD_Library/Devices/STUSB1602/src/usbpd_hw_if_it.c" -mcpu=cortex-m0 -std=gnu11 -g3 -DSTM32F072xB -DUSE_HAL_DRIVER -DUSE_STM32F0XX_NUCLEO -D_RTOS -DUSBPD_LED_SERVER '-DUSBPD_PORT_COUNT=1' -D_SRC -DMB1303 -DUSE_FULL_LL_DRIVER -DUSBPD_STUSB1602 -DCONF_NORMAL -DUSBPDCORE_LIB_PD3_CONFIG_1 -D_TRACE_NA -D_ERROR_RECOVERY -c -I../../../Inc -I../../../../../../../../Drivers/CMSIS/Device/ST/STM32F0xx/Include -I../../../../../../../../Drivers/STM32F0xx_HAL_Driver/Inc -I../../../../../../../../Drivers/BSP/STM32F0xx-Nucleo -I../../../../../../../../Drivers/BSP/P-NUCLEO-USB002 -I../../../../../../../../Drivers/CMSIS/Include -I../../../../../../../../Drivers/BSP/Components/STUSB1602 -I../../../../../../../../Middlewares/Third_Party/FreeRTOS/Source/portable/GCC/ARM_CM0 -I../../../../../../../../Middlewares/Third_Party/FreeRTOS/Source/CMSIS_RTOS -I../../../../../../../../Middlewares/Third_Party/FreeRTOS/Source/include -I../../../../../../../../Middlewares/ST/STM32_USBPD_Library/Core/inc -I../../../../../../../../Middlewares/ST/STM32_USBPD_Library/Devices/STUSB1602/inc -I../../../../../../../../Utilities/LED_SERVER -Os -ffunction-sections -Wall -Wno-strict-aliasing -Wno-unused-variable -fstack-usage -MMD -MP -MF"Middlewares/ST/STM32_USBPD_Library/Devices/STUSB1602/usbpd_hw_if_it.d" -MT"Middlewares/ST/STM32_USBPD_Library/Devices/STUSB1602/usbpd_hw_if_it.o" --specs=nano.specs -mfloat-abi=soft -mthumb -o "Middlewares/ST/STM32_USBPD_Library/Devices/STUSB1602/usbpd_hw_if_it.o"
arm-none-eabi-gcc "C:/Users/Andrew/Documents/Repo/STUSB1602/Middlewares/ST/STM32_USBPD_Library/Devices/STUSB1602/src/usbpd_phy.c" -mcpu=cortex-m0 -std=gnu11 -g3 -DSTM32F072xB -DUSE_HAL_DRIVER -DUSE_STM32F0XX_NUCLEO -D_RTOS -DUSBPD_LED_SERVER '-DUSBPD_PORT_COUNT=1' -D_SRC -DMB1303 -DUSE_FULL_LL_DRIVER -DUSBPD_STUSB1602 -DCONF_NORMAL -DUSBPDCORE_LIB_PD3_CONFIG_1 -D_TRACE_NA -D_ERROR_RECOVERY -c -I../../../Inc -I../../../../../../../../Drivers/CMSIS/Device/ST/STM32F0xx/Include -I../../../../../../../../Drivers/STM32F0xx_HAL_Driver/Inc -I../../../../../../../../Drivers/BSP/STM32F0xx-Nucleo -I../../../../../../../../Drivers/BSP/P-NUCLEO-USB002 -I../../../../../../../../Drivers/CMSIS/Include -I../../../../../../../../Drivers/BSP/Components/STUSB1602 -I../../../../../../../../Middlewares/Third_Party/FreeRTOS/Source/portable/GCC/ARM_CM0 -I../../../../../../../../Middlewares/Third_Party/FreeRTOS/Source/CMSIS_RTOS -I../../../../../../../../Middlewares/Third_Party/FreeRTOS/Source/include -I../../../../../../../../Middlewares/ST/STM32_USBPD_Library/Core/inc -I../../../../../../../../Middlewares/ST/STM32_USBPD_Library/Devices/STUSB1602/inc -I../../../../../../../../Utilities/LED_SERVER -Os -ffunction-sections -Wall -Wno-strict-aliasing -Wno-unused-variable -fstack-usage -MMD -MP -MF"Middlewares/ST/STM32_USBPD_Library/Devices/STUSB1602/usbpd_phy.d" -MT"Middlewares/ST/STM32_USBPD_Library/Devices/STUSB1602/usbpd_phy.o" --specs=nano.specs -mfloat-abi=soft -mthumb -o "Middlewares/ST/STM32_USBPD_Library/Devices/STUSB1602/usbpd_phy.o"
[...]
arm-none-eabi-gcc "C:/Users/Andrew/Documents/Repo/STUSB1602/Middlewares/ST/STM32_USBPD_Library/Devices/STUSB1602/src/usbpd_cad_hw_if.c" -mcpu=cortex-m0 -std=gnu11 -g3 -DSTM32F072xB -DUSE_HAL_DRIVER -DUSE_STM32F0XX_NUCLEO -D_RTOS -DUSBPD_LED_SERVER '-DUSBPD_PORT_COUNT=1' -D_SRC -DMB1303 -DUSE_FULL_LL_DRIVER -DUSBPD_STUSB1602 -DCONF_NORMAL -DUSBPDCORE_LIB_PD3_CONFIG_1 -D_TRACE_NA -D_ERROR_RECOVERY -c -I../../../Inc -I../../../../../../../../Drivers/CMSIS/Device/ST/STM32F0xx/Include -I../../../../../../../../Drivers/STM32F0xx_HAL_Driver/Inc -I../../../../../../../../Drivers/BSP/STM32F0xx-Nucleo -I../../../../../../../../Drivers/BSP/P-NUCLEO-USB002 -I../../../../../../../../Drivers/CMSIS/Include -I../../../../../../../../Drivers/BSP/Components/STUSB1602 -I../../../../../../../../Middlewares/Third_Party/FreeRTOS/Source/portable/GCC/ARM_CM0 -I../../../../../../../../Middlewares/Third_Party/FreeRTOS/Source/CMSIS_RTOS -I../../../../../../../../Middlewares/Third_Party/FreeRTOS/Source/include -I../../../../../../../../Middlewares/ST/STM32_USBPD_Library/Core/inc -I../../../../../../../../Middlewares/ST/STM32_USBPD_Library/Devices/STUSB1602/inc -I../../../../../../../../Utilities/LED_SERVER -Os -ffunction-sections -Wall -Wno-strict-aliasing -Wno-unused-variable -fstack-usage -MMD -MP -MF"Middlewares/ST/STM32_USBPD_Library/Devices/STUSB1602/usbpd_cad_hw_if.d" -MT"Middlewares/ST/STM32_USBPD_Library/Devices/STUSB1602/usbpd_cad_hw_if.o" --specs=nano.specs -mfloat-abi=soft -mthumb -o "Middlewares/ST/STM32_USBPD_Library/Devices/STUSB1602/usbpd_cad_hw_if.o"
arm-none-eabi-gcc "C:/Users/Andrew/Documents/Repo/STUSB1602/Middlewares/ST/STM32_USBPD_Library/Devices/STUSB1602/src/usbpd_hw_if_it.c" -mcpu=cortex-m0 -std=gnu11 -g3 -DSTM32F072xB -DUSE_HAL_DRIVER -DUSE_STM32F0XX_NUCLEO -D_RTOS -DUSBPD_LED_SERVER '-DUSBPD_PORT_COUNT=1' -D_SRC -DMB1303 -DUSE_FULL_LL_DRIVER -DUSBPD_STUSB1602 -DCONF_NORMAL -DUSBPDCORE_LIB_PD3_CONFIG_1 -D_TRACE_NA -D_ERROR_RECOVERY -c -I../../../Inc -I../../../../../../../../Drivers/CMSIS/Device/ST/STM32F0xx/Include -I../../../../../../../../Drivers/STM32F0xx_HAL_Driver/Inc -I../../../../../../../../Drivers/BSP/STM32F0xx-Nucleo -I../../../../../../../../Drivers/BSP/P-NUCLEO-USB002 -I../../../../../../../../Drivers/CMSIS/Include -I../../../../../../../../Drivers/BSP/Components/STUSB1602 -I../../../../../../../../Middlewares/Third_Party/FreeRTOS/Source/portable/GCC/ARM_CM0 -I../../../../../../../../Middlewares/Third_Party/FreeRTOS/Source/CMSIS_RTOS -I../../../../../../../../Middlewares/Third_Party/FreeRTOS/Source/include -I../../../../../../../../Middlewares/ST/STM32_USBPD_Library/Core/inc -I../../../../../../../../Middlewares/ST/STM32_USBPD_Library/Devices/STUSB1602/inc -I../../../../../../../../Utilities/LED_SERVER -Os -ffunction-sections -Wall -Wno-strict-aliasing -Wno-unused-variable -fstack-usage -MMD -MP -MF"Middlewares/ST/STM32_USBPD_Library/Devices/STUSB1602/usbpd_hw_if_it.d" -MT"Middlewares/ST/STM32_USBPD_Library/Devices/STUSB1602/usbpd_hw_if_it.o" --specs=nano.specs -mfloat-abi=soft -mthumb -o "Middlewares/ST/STM32_USBPD_Library/Devices/STUSB1602/usbpd_hw_if_it.o"
arm-none-eabi-gcc "C:/Users/Andrew/Documents/Repo/STUSB1602/Middlewares/ST/STM32_USBPD_Library/Devices/STUSB1602/src/usbpd_phy.c" -mcpu=cortex-m0 -std=gnu11 -g3 -DSTM32F072xB -DUSE_HAL_DRIVER -DUSE_STM32F0XX_NUCLEO -D_RTOS -DUSBPD_LED_SERVER '-DUSBPD_PORT_COUNT=1' -D_SRC -DMB1303 -DUSE_FULL_LL_DRIVER -DUSBPD_STUSB1602 -DCONF_NORMAL -DUSBPDCORE_LIB_PD3_CONFIG_1 -D_TRACE_NA -D_ERROR_RECOVERY -c -I../../../Inc -I../../../../../../../../Drivers/CMSIS/Device/ST/STM32F0xx/Include -I../../../../../../../../Drivers/STM32F0xx_HAL_Driver/Inc -I../../../../../../../../Drivers/BSP/STM32F0xx-Nucleo -I../../../../../../../../Drivers/BSP/P-NUCLEO-USB002 -I../../../../../../../../Drivers/CMSIS/Include -I../../../../../../../../Drivers/BSP/Components/STUSB1602 -I../../../../../../../../Middlewares/Third_Party/FreeRTOS/Source/portable/GCC/ARM_CM0 -I../../../../../../../../Middlewares/Third_Party/FreeRTOS/Source/CMSIS_RTOS -I../../../../../../../../Middlewares/Third_Party/FreeRTOS/Source/include -I../../../../../../../../Middlewares/ST/STM32_USBPD_Library/Core/inc -I../../../../../../../../Middlewares/ST/STM32_USBPD_Library/Devices/STUSB1602/inc -I../../../../../../../../Utilities/LED_SERVER -Os -ffunction-sections -Wall -Wno-strict-aliasing -Wno-unused-variable -fstack-usage -MMD -MP -MF"Middlewares/ST/STM32_USBPD_Library/Devices/STUSB1602/usbpd_phy.d" -MT"Middlewares/ST/STM32_USBPD_Library/Devices/STUSB1602/usbpd_phy.o" --specs=nano.specs -mfloat-abi=soft -mthumb -o "Middlewares/ST/STM32_USBPD_Library/Devices/STUSB1602/usbpd_phy.o"
arm-none-eabi-gcc "C:/Users/Andrew/Documents/Repo/STUSB1602/Middlewares/ST/STM32_USBPD_Library/Devices/STUSB1602/src/usbpd_phy_hw_if.c" -mcpu=cortex-m0 -std=gnu11 -g3 -DSTM32F072xB -DUSE_HAL_DRIVER -DUSE_STM32F0XX_NUCLEO -D_RTOS -DUSBPD_LED_SERVER '-DUSBPD_PORT_COUNT=1' -D_SRC -DMB1303 -DUSE_FULL_LL_DRIVER -DUSBPD_STUSB1602 -DCONF_NORMAL -DUSBPDCORE_LIB_PD3_CONFIG_1 -D_TRACE_NA -D_ERROR_RECOVERY -c -I../../../Inc -I../../../../../../../../Drivers/CMSIS/Device/ST/STM32F0xx/Include -I../../../../../../../../Drivers/STM32F0xx_HAL_Driver/Inc -I../../../../../../../../Drivers/BSP/STM32F0xx-Nucleo -I../../../../../../../../Drivers/BSP/P-NUCLEO-USB002 -I../../../../../../../../Drivers/CMSIS/Include -I../../../../../../../../Drivers/BSP/Components/STUSB1602 -I../../../../../../../../Middlewares/Third_Party/FreeRTOS/Source/portable/GCC/ARM_CM0 -I../../../../../../../../Middlewares/Third_Party/FreeRTOS/Source/CMSIS_RTOS -I../../../../../../../../Middlewares/Third_Party/FreeRTOS/Source/include -I../../../../../../../../Middlewares/ST/STM32_USBPD_Library/Core/inc -I../../../../../../../../Middlewares/ST/STM32_USBPD_Library/Devices/STUSB1602/inc -I../../../../../../../../Utilities/LED_SERVER -Os -ffunction-sections -Wall -Wno-strict-aliasing -Wno-unused-variable -fstack-usage -MMD -MP -MF"Middlewares/ST/STM32_USBPD_Library/Devices/STUSB1602/usbpd_phy_hw_if.d" -MT"Middlewares/ST/STM32_USBPD_Library/Devices/STUSB1602/usbpd_phy_hw_if.o" --specs=nano.specs -mfloat-abi=soft -mthumb -o "Middlewares/ST/STM32_USBPD_Library/Devices/STUSB1602/usbpd_phy_hw_if.o"
arm-none-eabi-gcc "C:/Users/Andrew/Documents/Repo/STUSB1602/Middlewares/ST/STM32_USBPD_Library/Devices/STUSB1602/src/usbpd_pwr_hw_if.c" -mcpu=cortex-m0 -std=gnu11 -g3 -DSTM32F072xB -DUSE_HAL_DRIVER -DUSE_STM32F0XX_NUCLEO -D_RTOS -DUSBPD_LED_SERVER '-DUSBPD_PORT_COUNT=1' -D_SRC -DMB1303 -DUSE_FULL_LL_DRIVER -DUSBPD_STUSB1602 -DCONF_NORMAL -DUSBPDCORE_LIB_PD3_CONFIG_1 -D_TRACE_NA -D_ERROR_RECOVERY -c -I../../../Inc -I../../../../../../../../Drivers/CMSIS/Device/ST/STM32F0xx/Include -I../../../../../../../../Drivers/STM32F0xx_HAL_Driver/Inc -I../../../../../../../../Drivers/BSP/STM32F0xx-Nucleo -I../../../../../../../../Drivers/BSP/P-NUCLEO-USB002 -I../../../../../../../../Drivers/CMSIS/Include -I../../../../../../../../Drivers/BSP/Components/STUSB1602 -I../../../../../../../../Middlewares/Third_Party/FreeRTOS/Source/portable/GCC/ARM_CM0 -I../../../../../../../../Middlewares/Third_Party/FreeRTOS/Source/CMSIS_RTOS -I../../../../../../../../Middlewares/Third_Party/FreeRTOS/Source/include -I../../../../../../../../Middlewares/ST/STM32_USBPD_Library/Core/inc -I../../../../../../../../Middlewares/ST/STM32_USBPD_Library/Devices/STUSB1602/inc -I../../../../../../../../Utilities/LED_SERVER -Os -ffunction-sections -Wall -Wno-strict-aliasing -Wno-unused-variable -fstack-usage -MMD -MP -MF"Middlewares/ST/STM32_USBPD_Library/Devices/STUSB1602/usbpd_pwr_hw_if.d" -MT"Middlewares/ST/STM32_USBPD_Library/Devices/STUSB1602/usbpd_pwr_hw_if.o" --specs=nano.specs -mfloat-abi=soft -mthumb -o "Middlewares/ST/STM32_USBPD_Library/Devices/STUSB1602/usbpd_pwr_hw_if.o"
arm-none-eabi-gcc "C:/Users/Andrew/Documents/Repo/STUSB1602/Middlewares/ST/STM32_USBPD_Library/Devices/STUSB1602/src/usbpd_stusb16xx_hw_if.c" -mcpu=cortex-m0 -std=gnu11 -g3 -DSTM32F072xB -DUSE_HAL_DRIVER -DUSE_STM32F0XX_NUCLEO -D_RTOS -DUSBPD_LED_SERVER '-DUSBPD_PORT_COUNT=1' -D_SRC -DMB1303 -DUSE_FULL_LL_DRIVER -DUSBPD_STUSB1602 -DCONF_NORMAL -DUSBPDCORE_LIB_PD3_CONFIG_1 -D_TRACE_NA -D_ERROR_RECOVERY -c -I../../../Inc -I../../../../../../../../Drivers/CMSIS/Device/ST/STM32F0xx/Include -I../../../../../../../../Drivers/STM32F0xx_HAL_Driver/Inc -I../../../../../../../../Drivers/BSP/STM32F0xx-Nucleo -I../../../../../../../../Drivers/BSP/P-NUCLEO-USB002 -I../../../../../../../../Drivers/CMSIS/Include -I../../../../../../../../Drivers/BSP/Components/STUSB1602 -I../../../../../../../../Middlewares/Third_Party/FreeRTOS/Source/portable/GCC/ARM_CM0 -I../../../../../../../../Middlewares/Third_Party/FreeRTOS/Source/CMSIS_RTOS -I../../../../../../../../Middlewares/Third_Party/FreeRTOS/Source/include -I../../../../../../../../Middlewares/ST/STM32_USBPD_Library/Core/inc -I../../../../../../../../Middlewares/ST/STM32_USBPD_Library/Devices/STUSB1602/inc -I../../../../../../../../Utilities/LED_SERVER -Os -ffunction-sections -Wall -Wno-strict-aliasing -Wno-unused-variable -fstack-usage -MMD -MP -MF"Middlewares/ST/STM32_USBPD_Library/Devices/STUSB1602/usbpd_stusb16xx_hw_if.d" -MT"Middlewares/ST/STM32_USBPD_Library/Devices/STUSB1602/usbpd_stusb16xx_hw_if.o" --specs=nano.specs -mfloat-abi=soft -mthumb -o "Middlewares/ST/STM32_USBPD_Library/Devices/STUSB1602/usbpd_stusb16xx_hw_if.o"
arm-none-eabi-gcc "C:/Users/Andrew/Documents/Repo/STUSB1602/Drivers/BSP/P-NUCLEO-USB002/p-nucleo-usb002.c" -mcpu=cortex-m0 -std=gnu11 -g3 -DSTM32F072xB -DUSE_HAL_DRIVER -DUSE_STM32F0XX_NUCLEO -D_RTOS -DUSBPD_LED_SERVER '-DUSBPD_PORT_COUNT=1' -D_SRC -DMB1303 -DUSE_FULL_LL_DRIVER -DUSBPD_STUSB1602 -DCONF_NORMAL -DUSBPDCORE_LIB_PD3_CONFIG_1 -D_TRACE_NA -D_ERROR_RECOVERY -c -I../../../Inc -I../../../../../../../../Drivers/CMSIS/Device/ST/STM32F0xx/Include -I../../../../../../../../Drivers/STM32F0xx_HAL_Driver/Inc -I../../../../../../../../Drivers/BSP/STM32F0xx-Nucleo -I../../../../../../../../Drivers/BSP/P-NUCLEO-USB002 -I../../../../../../../../Drivers/CMSIS/Include -I../../../../../../../../Drivers/BSP/Components/STUSB1602 -I../../../../../../../../Middlewares/Third_Party/FreeRTOS/Source/portable/GCC/ARM_CM0 -I../../../../../../../../Middlewares/Third_Party/FreeRTOS/Source/CMSIS_RTOS -I../../../../../../../../Middlewares/Third_Party/FreeRTOS/Source/include -I../../../../../../../../Middlewares/ST/STM32_USBPD_Library/Core/inc -I../../../../../../../../Middlewares/ST/STM32_USBPD_Library/Devices/STUSB1602/inc -I../../../../../../../../Utilities/LED_SERVER -Os -ffunction-sections -Wall -Wno-strict-aliasing -Wno-unused-variable -fstack-usage -MMD -MP -MF"Drivers/BSP/P-NUCLEO-USB002/p-nucleo-usb002.d" -MT"Drivers/BSP/P-NUCLEO-USB002/p-nucleo-usb002.o" --specs=nano.specs -mfloat-abi=soft -mthumb -o "Drivers/BSP/P-NUCLEO-USB002/p-nucleo-usb002.o"
arm-none-eabi-gcc "C:/Users/Andrew/Documents/Repo/STUSB1602/Projects/STM32F072RB-Nucleo/Applications/USB_PD/MB1303_Provider_PD30/Src/main.c" -mcpu=cortex-m0 -std=gnu11 -g3 -DSTM32F072xB -DUSE_HAL_DRIVER -DUSE_STM32F0XX_NUCLEO -D_RTOS -DUSBPD_LED_SERVER '-DUSBPD_PORT_COUNT=1' -D_SRC -DMB1303 -DUSE_FULL_LL_DRIVER -DUSBPD_STUSB1602 -DCONF_NORMAL -DUSBPDCORE_LIB_PD3_CONFIG_1 -D_TRACE_NA -D_ERROR_RECOVERY -c -I../../../Inc -I../../../../../../../../Drivers/CMSIS/Device/ST/STM32F0xx/Include -I../../../../../../../../Drivers/STM32F0xx_HAL_Driver/Inc -I../../../../../../../../Drivers/BSP/STM32F0xx-Nucleo -I../../../../../../../../Drivers/BSP/P-NUCLEO-USB002 -I../../../../../../../../Drivers/CMSIS/Include -I../../../../../../../../Drivers/BSP/Components/STUSB1602 -I../../../../../../../../Middlewares/Third_Party/FreeRTOS/Source/portable/GCC/ARM_CM0 -I../../../../../../../../Middlewares/Third_Party/FreeRTOS/Source/CMSIS_RTOS -I../../../../../../../../Middlewares/Third_Party/FreeRTOS/Source/include -I../../../../../../../../Middlewares/ST/STM32_USBPD_Library/Core/inc -I../../../../../../../../Middlewares/ST/STM32_USBPD_Library/Devices/STUSB1602/inc -I../../../../../../../../Utilities/LED_SERVER -Os -ffunction-sections -Wall -Wno-strict-aliasing -Wno-unused-variable -fstack-usage -MMD -MP -MF"Application/User/main.d" -MT"Application/User/main.o" --specs=nano.specs -mfloat-abi=soft -mthumb -o "Application/User/main.o"
arm-none-eabi-gcc "C:/Users/Andrew/Documents/Repo/STUSB1602/Projects/STM32F072RB-Nucleo/Applications/USB_PD/MB1303_Provider_PD30/Src/stm32f0xx_hal_msp.c" -mcpu=cortex-m0 -std=gnu11 -g3 -DSTM32F072xB -DUSE_HAL_DRIVER -DUSE_STM32F0XX_NUCLEO -D_RTOS -DUSBPD_LED_SERVER '-DUSBPD_PORT_COUNT=1' -D_SRC -DMB1303 -DUSE_FULL_LL_DRIVER -DUSBPD_STUSB1602 -DCONF_NORMAL -DUSBPDCORE_LIB_PD3_CONFIG_1 -D_TRACE_NA -D_ERROR_RECOVERY -c -I../../../Inc -I../../../../../../../../Drivers/CMSIS/Device/ST/STM32F0xx/Include -I../../../../../../../../Drivers/STM32F0xx_HAL_Driver/Inc -I../../../../../../../../Drivers/BSP/STM32F0xx-Nucleo -I../../../../../../../../Drivers/BSP/P-NUCLEO-USB002 -I../../../../../../../../Drivers/CMSIS/Include -I../../../../../../../../Drivers/BSP/Components/STUSB1602 -I../../../../../../../../Middlewares/Third_Party/FreeRTOS/Source/portable/GCC/ARM_CM0 -I../../../../../../../../Middlewares/Third_Party/FreeRTOS/Source/CMSIS_RTOS -I../../../../../../../../Middlewares/Third_Party/FreeRTOS/Source/include -I../../../../../../../../Middlewares/ST/STM32_USBPD_Library/Core/inc -I../../../../../../../../Middlewares/ST/STM32_USBPD_Library/Devices/STUSB1602/inc -I../../../../../../../../Utilities/LED_SERVER -Os -ffunction-sections -Wall -Wno-strict-aliasing -Wno-unused-variable -fstack-usage -MMD -MP -MF"Application/User/stm32f0xx_hal_msp.d" -MT"Application/User/stm32f0xx_hal_msp.o" --specs=nano.specs -mfloat-abi=soft -mthumb -o "Application/User/stm32f0xx_hal_msp.o"
arm-none-eabi-gcc "C:/Users/Andrew/Documents/Repo/STUSB1602/Projects/STM32F072RB-Nucleo/Applications/USB_PD/MB1303_Provider_PD30/Src/stm32f0xx_it.c" -mcpu=cortex-m0 -std=gnu11 -g3 -DSTM32F072xB -DUSE_HAL_DRIVER -DUSE_STM32F0XX_NUCLEO -D_RTOS -DUSBPD_LED_SERVER '-DUSBPD_PORT_COUNT=1' -D_SRC -DMB1303 -DUSE_FULL_LL_DRIVER -DUSBPD_STUSB1602 -DCONF_NORMAL -DUSBPDCORE_LIB_PD3_CONFIG_1 -D_TRACE_NA -D_ERROR_RECOVERY -c -I../../../Inc -I../../../../../../../../Drivers/CMSIS/Device/ST/STM32F0xx/Include -I../../../../../../../../Drivers/STM32F0xx_HAL_Driver/Inc -I../../../../../../../../Drivers/BSP/STM32F0xx-Nucleo -I../../../../../../../../Drivers/BSP/P-NUCLEO-USB002 -I../../../../../../../../Drivers/CMSIS/Include -I../../../../../../../../Drivers/BSP/Components/STUSB1602 -I../../../../../../../../Middlewares/Third_Party/FreeRTOS/Source/portable/GCC/ARM_CM0 -I../../../../../../../../Middlewares/Third_Party/FreeRTOS/Source/CMSIS_RTOS -I../../../../../../../../Middlewares/Third_Party/FreeRTOS/Source/include -I../../../../../../../../Middlewares/ST/STM32_USBPD_Library/Core/inc -I../../../../../../../../Middlewares/ST/STM32_USBPD_Library/Devices/STUSB1602/inc -I../../../../../../../../Utilities/LED_SERVER -Os -ffunction-sections -Wall -Wno-strict-aliasing -Wno-unused-variable -fstack-usage -MMD -MP -MF"Application/User/stm32f0xx_it.d" -MT"Application/User/stm32f0xx_it.o" --specs=nano.specs -mfloat-abi=soft -mthumb -o "Application/User/stm32f0xx_it.o"
arm-none-eabi-gcc "C:/Users/Andrew/Documents/Repo/STUSB1602/Projects/STM32F072RB-Nucleo/Applications/USB_PD/MB1303_Provider_PD30/Src/usbpd_dpm_user.c" -mcpu=cortex-m0 -std=gnu11 -g3 -DSTM32F072xB -DUSE_HAL_DRIVER -DUSE_STM32F0XX_NUCLEO -D_RTOS -DUSBPD_LED_SERVER '-DUSBPD_PORT_COUNT=1' -D_SRC -DMB1303 -DUSE_FULL_LL_DRIVER -DUSBPD_STUSB1602 -DCONF_NORMAL -DUSBPDCORE_LIB_PD3_CONFIG_1 -D_TRACE_NA -D_ERROR_RECOVERY -c -I../../../Inc -I../../../../../../../../Drivers/CMSIS/Device/ST/STM32F0xx/Include -I../../../../../../../../Drivers/STM32F0xx_HAL_Driver/Inc -I../../../../../../../../Drivers/BSP/STM32F0xx-Nucleo -I../../../../../../../../Drivers/BSP/P-NUCLEO-USB002 -I../../../../../../../../Drivers/CMSIS/Include -I../../../../../../../../Drivers/BSP/Components/STUSB1602 -I../../../../../../../../Middlewares/Third_Party/FreeRTOS/Source/portable/GCC/ARM_CM0 -I../../../../../../../../Middlewares/Third_Party/FreeRTOS/Source/CMSIS_RTOS -I../../../../../../../../Middlewares/Third_Party/FreeRTOS/Source/include -I../../../../../../../../Middlewares/ST/STM32_USBPD_Library/Core/inc -I../../../../../../../../Middlewares/ST/STM32_USBPD_Library/Devices/STUSB1602/inc -I../../../../../../../../Utilities/LED_SERVER -Os -ffunction-sections -Wall -Wno-strict-aliasing -Wno-unused-variable -fstack-usage -MMD -MP -MF"Application/User/usbpd_dpm_user.d" -MT"Application/User/usbpd_dpm_user.o" --specs=nano.specs -mfloat-abi=soft -mthumb -o "Application/User/usbpd_dpm_user.o"
arm-none-eabi-gcc "C:/Users/Andrew/Documents/Repo/STUSB1602/Projects/STM32F072RB-Nucleo/Applications/USB_PD/MB1303_Provider_PD30/Src/usbpd_pwr_if.c" -mcpu=cortex-m0 -std=gnu11 -g3 -DSTM32F072xB -DUSE_HAL_DRIVER -DUSE_STM32F0XX_NUCLEO -D_RTOS -DUSBPD_LED_SERVER '-DUSBPD_PORT_COUNT=1' -D_SRC -DMB1303 -DUSE_FULL_LL_DRIVER -DUSBPD_STUSB1602 -DCONF_NORMAL -DUSBPDCORE_LIB_PD3_CONFIG_1 -D_TRACE_NA -D_ERROR_RECOVERY -c -I../../../Inc -I../../../../../../../../Drivers/CMSIS/Device/ST/STM32F0xx/Include -I../../../../../../../../Drivers/STM32F0xx_HAL_Driver/Inc -I../../../../../../../../Drivers/BSP/STM32F0xx-Nucleo -I../../../../../../../../Drivers/BSP/P-NUCLEO-USB002 -I../../../../../../../../Drivers/CMSIS/Include -I../../../../../../../../Drivers/BSP/Components/STUSB1602 -I../../../../../../../../Middlewares/Third_Party/FreeRTOS/Source/portable/GCC/ARM_CM0 -I../../../../../../../../Middlewares/Third_Party/FreeRTOS/Source/CMSIS_RTOS -I../../../../../../../../Middlewares/Third_Party/FreeRTOS/Source/include -I../../../../../../../../Middlewares/ST/STM32_USBPD_Library/Core/inc -I../../../../../../../../Middlewares/ST/STM32_USBPD_Library/Devices/STUSB1602/inc -I../../../../../../../../Utilities/LED_SERVER -Os -ffunction-sections -Wall -Wno-strict-aliasing -Wno-unused-variable -fstack-usage -MMD -MP -MF"Application/User/usbpd_pwr_if.d" -MT"Application/User/usbpd_pwr_if.o" --specs=nano.specs -mfloat-abi=soft -mthumb -o "Application/User/usbpd_pwr_if.o"
arm-none-eabi-gcc -o "STM32F072RB-Nucleo_MB1303_Provider_PD30.elf" @"objects.list"  -l:USBPDCORE_PD3_CONFIG_1_CM0_wc32.a -mcpu=cortex-m0 -T"../STM32F072RBTx_FLASH.ld" --specs=nosys.specs -Wl,-Map="STM32F072RB-Nucleo_MB1303_Provider_PD30.map" -Wl,--gc-sections -static -L../../../../../../../../Middlewares/ST/STM32_USBPD_Library/Core/lib --specs=nano.specs -mfloat-abi=soft -mthumb -Wl,--start-group -lc -lm -Wl,--end-group
Finished building target: STM32F072RB-Nucleo_MB1303_Provider_PD30.elf
 
arm-none-eabi-objdump -h -S  STM32F072RB-Nucleo_MB1303_Provider_PD30.elf  > "STM32F072RB-Nucleo_MB1303_Provider_PD30.list"
Finished building: STM32F072RB-Nucleo_MB1303_Provider_PD30.list
 
arm-none-eabi-objcopy  -O binary  STM32F072RB-Nucleo_MB1303_Provider_PD30.elf  "STM32F072RB-Nucleo_MB1303_Provider_PD30.bin"
Finished building: STM32F072RB-Nucleo_MB1303_Provider_PD30.bin
 
arm-none-eabi-size   STM32F072RB-Nucleo_MB1303_Provider_PD30.elf 
   text	   data	    bss	    dec	    hex	filename
  51048	    688	   8776	  60512	   ec60	STM32F072RB-Nucleo_MB1303_Provider_PD30.elf
Finished building: default.size.stdout
 
11:31:25 **** Incremental Build of configuration Debug for project STM32F072RB-Nucleo_MB1303_Provider_PD30 ****
make all 
arm-none-eabi-size   STM32F072RB-Nucleo_MB1303_Provider_PD30.elf 
   text	   data	    bss	    dec	    hex	filename
  51048	    688	   8776	  60512	   ec60	STM32F072RB-Nucleo_MB1303_Provider_PD30.elf
Finished building: default.size.stdout
 
11:46:45 **** Incremental Build of configuration Debug for project STM32F072RB-Nucleo_MB1303_Provider_PD30 ****
make all 
arm-none-eabi-size   STM32F072RB-Nucleo_MB1303_Provider_PD30.elf 
   text	   data	    bss	    dec	    hex	filename
  51048	    688	   8776	  60512	   ec60	STM32F072RB-Nucleo_MB1303_Provider_PD30.elf
Finished building: default.size.stdout
 
